Archive member included to satisfy reference by file (symbol)

C:/nxp/MCUXpressoIDE_25.6.136/ide/plugins/com.nxp.mcuxpresso.tools.win32_25.6.0.202501151204/tools/bin/../lib/gcc/arm-none-eabi/14.2.1/thumb/v6-m/nofp\libm.a(libm_a-s_round.o)
                              ./framework/XCVR/MKW41Z4/fsl_xcvr.o (round)
C:/nxp/MCUXpressoIDE_25.6.136/ide/plugins/com.nxp.mcuxpresso.tools.win32_25.6.0.202501151204/tools/bin/../lib/gcc/arm-none-eabi/14.2.1/thumb/v6-m/nofp\libm.a(libm_a-s_trunc.o)
                              ./framework/XCVR/MKW41Z4/fsl_xcvr.o (trunc)
C:/nxp/MCUXpressoIDE_25.6.136/ide/plugins/com.nxp.mcuxpresso.tools.win32_25.6.0.202501151204/tools/bin/../lib/gcc/arm-none-eabi/14.2.1/thumb/v6-m/nofp\libm.a(libm_a-sf_round.o)
                              ./framework/XCVR/MKW41Z4/fsl_xcvr_trim.o (roundf)
C:/nxp/MCUXpressoIDE_25.6.136/ide/plugins/com.nxp.mcuxpresso.tools.win32_25.6.0.202501151204/tools/bin/../lib/gcc/arm-none-eabi/14.2.1/thumb/v6-m/nofp\libc.a(libc_a-exit.o)
                              C:/nxp/MCUXpressoIDE_25.6.136/ide/plugins/com.nxp.mcuxpresso.tools.win32_25.6.0.202501151204/tools/bin/../lib/gcc/arm-none-eabi/14.2.1/thumb/v6-m/nofp/crt0.o (exit)
C:/nxp/MCUXpressoIDE_25.6.136/ide/plugins/com.nxp.mcuxpresso.tools.win32_25.6.0.202501151204/tools/bin/../lib/gcc/arm-none-eabi/14.2.1/thumb/v6-m/nofp\libc.a(libc_a-findfp.o)
                              C:/nxp/MCUXpressoIDE_25.6.136/ide/plugins/com.nxp.mcuxpresso.tools.win32_25.6.0.202501151204/tools/bin/../lib/gcc/arm-none-eabi/14.2.1/thumb/v6-m/nofp\libc.a(libc_a-exit.o) (__stdio_exit_handler)
C:/nxp/MCUXpressoIDE_25.6.136/ide/plugins/com.nxp.mcuxpresso.tools.win32_25.6.0.202501151204/tools/bin/../lib/gcc/arm-none-eabi/14.2.1/thumb/v6-m/nofp\libc.a(libc_a-fwalk.o)
                              C:/nxp/MCUXpressoIDE_25.6.136/ide/plugins/com.nxp.mcuxpresso.tools.win32_25.6.0.202501151204/tools/bin/../lib/gcc/arm-none-eabi/14.2.1/thumb/v6-m/nofp\libc.a(libc_a-findfp.o) (_fwalk_sglue)
C:/nxp/MCUXpressoIDE_25.6.136/ide/plugins/com.nxp.mcuxpresso.tools.win32_25.6.0.202501151204/tools/bin/../lib/gcc/arm-none-eabi/14.2.1/thumb/v6-m/nofp\libc.a(libc_a-stdio.o)
                              C:/nxp/MCUXpressoIDE_25.6.136/ide/plugins/com.nxp.mcuxpresso.tools.win32_25.6.0.202501151204/tools/bin/../lib/gcc/arm-none-eabi/14.2.1/thumb/v6-m/nofp\libc.a(libc_a-findfp.o) (__sread)
C:/nxp/MCUXpressoIDE_25.6.136/ide/plugins/com.nxp.mcuxpresso.tools.win32_25.6.0.202501151204/tools/bin/../lib/gcc/arm-none-eabi/14.2.1/thumb/v6-m/nofp\libc.a(libc_a-memset.o)
                              C:/nxp/MCUXpressoIDE_25.6.136/ide/plugins/com.nxp.mcuxpresso.tools.win32_25.6.0.202501151204/tools/bin/../lib/gcc/arm-none-eabi/14.2.1/thumb/v6-m/nofp/crt0.o (memset)
C:/nxp/MCUXpressoIDE_25.6.136/ide/plugins/com.nxp.mcuxpresso.tools.win32_25.6.0.202501151204/tools/bin/../lib/gcc/arm-none-eabi/14.2.1/thumb/v6-m/nofp\libc.a(libc_a-closer.o)
                              C:/nxp/MCUXpressoIDE_25.6.136/ide/plugins/com.nxp.mcuxpresso.tools.win32_25.6.0.202501151204/tools/bin/../lib/gcc/arm-none-eabi/14.2.1/thumb/v6-m/nofp\libc.a(libc_a-stdio.o) (_close_r)
C:/nxp/MCUXpressoIDE_25.6.136/ide/plugins/com.nxp.mcuxpresso.tools.win32_25.6.0.202501151204/tools/bin/../lib/gcc/arm-none-eabi/14.2.1/thumb/v6-m/nofp\libc.a(libc_a-reent.o)
                              C:/nxp/MCUXpressoIDE_25.6.136/ide/plugins/com.nxp.mcuxpresso.tools.win32_25.6.0.202501151204/tools/bin/../lib/gcc/arm-none-eabi/14.2.1/thumb/v6-m/nofp\libc.a(libc_a-closer.o) (errno)
C:/nxp/MCUXpressoIDE_25.6.136/ide/plugins/com.nxp.mcuxpresso.tools.win32_25.6.0.202501151204/tools/bin/../lib/gcc/arm-none-eabi/14.2.1/thumb/v6-m/nofp\libc.a(libc_a-impure.o)
                              C:/nxp/MCUXpressoIDE_25.6.136/ide/plugins/com.nxp.mcuxpresso.tools.win32_25.6.0.202501151204/tools/bin/../lib/gcc/arm-none-eabi/14.2.1/thumb/v6-m/nofp\libc.a(libc_a-reent.o) (_impure_ptr)
C:/nxp/MCUXpressoIDE_25.6.136/ide/plugins/com.nxp.mcuxpresso.tools.win32_25.6.0.202501151204/tools/bin/../lib/gcc/arm-none-eabi/14.2.1/thumb/v6-m/nofp\libc.a(libc_a-lseekr.o)
                              C:/nxp/MCUXpressoIDE_25.6.136/ide/plugins/com.nxp.mcuxpresso.tools.win32_25.6.0.202501151204/tools/bin/../lib/gcc/arm-none-eabi/14.2.1/thumb/v6-m/nofp\libc.a(libc_a-stdio.o) (_lseek_r)
C:/nxp/MCUXpressoIDE_25.6.136/ide/plugins/com.nxp.mcuxpresso.tools.win32_25.6.0.202501151204/tools/bin/../lib/gcc/arm-none-eabi/14.2.1/thumb/v6-m/nofp\libc.a(libc_a-readr.o)
                              C:/nxp/MCUXpressoIDE_25.6.136/ide/plugins/com.nxp.mcuxpresso.tools.win32_25.6.0.202501151204/tools/bin/../lib/gcc/arm-none-eabi/14.2.1/thumb/v6-m/nofp\libc.a(libc_a-stdio.o) (_read_r)
C:/nxp/MCUXpressoIDE_25.6.136/ide/plugins/com.nxp.mcuxpresso.tools.win32_25.6.0.202501151204/tools/bin/../lib/gcc/arm-none-eabi/14.2.1/thumb/v6-m/nofp\libc.a(libc_a-writer.o)
[...]
Memory Configuration

Name             Origin             Length             Attributes
TEXT_region1     0x00000000         0x00000400         xr
m_flash_config_region 0x00000400         0x00000010         xr
TEXT_region2     0x00000411         0x0007d3ee         xr
NVM_region       0x0007d800         0x00001fff         rw
DATA1_region     0x1fff8000         0x00008000         rw
DATA2_region     0x20000000         0x00018000         rw
PRODUCT_INFO_region 0x0007f800         0x000007ff         xr
*default*        0x00000000         0xffffffff

Linker script and memory map

LOAD C:/nxp/MCUXpressoIDE_25.6.136/ide/plugins/com.nxp.mcuxpresso.tools.win32_25.6.0.202501151204/tools/bin/../lib/gcc/arm-none-eabi/14.2.1/thumb/v6-m/nofp/crti.o
LOAD C:/nxp/MCUXpressoIDE_25.6.136/ide/plugins/com.nxp.mcuxpresso.tools.win32_25.6.0.202501151204/tools/bin/../lib/gcc/arm-none-eabi/14.2.1/thumb/v6-m/nofp/crtbegin.o
LOAD C:/nxp/MCUXpressoIDE_25.6.136/ide/plugins/com.nxp.mcuxpresso.tools.win32_25.6.0.202501151204/tools/bin/../lib/gcc/arm-none-eabi/14.2.1/thumb/v6-m/nofp/crt0.o
LOAD ./utilities/fsl_debug_console.o
LOAD ./startup/startup_MKW41Z4.o
LOAD ./source/mtb.o
LOAD ./source/mwa_coordinator.o
LOAD ./source/semihost_hardfault.o
LOAD ./ieee_802.15.4/phy/source/MKW41Z/ASP.o
LOAD ./ieee_802.15.4/phy/source/MKW41Z/MPM.o
LOAD ./ieee_802.15.4/phy/source/MKW41Z/PhyISR.o
LOAD ./ieee_802.15.4/phy/source/MKW41Z/PhyPacketProcessor.o
LOAD ./ieee_802.15.4/phy/source/MKW41Z/PhyPlmeData.o
LOAD ./ieee_802.15.4/phy/source/MKW41Z/PhyStateMachine.o
LOAD ./ieee_802.15.4/phy/source/MKW41Z/PhyTime.o
LOAD ./ieee_802.15.4/mac/source/App/FsciAspCommands.o
LOAD ./ieee_802.15.4/mac/source/App/FsciMacCommands.o
LOAD ./ieee_802.15.4/mac/source/App/MacGlobals.o
LOAD ./freertos/croutine.o
LOAD ./freertos/event_groups.o
LOAD ./freertos/fsl_tickless_lptmr.o
LOAD ./freertos/fsl_tickless_systick.o
LOAD ./freertos/heap_4.o
LOAD ./freertos/list.o
LOAD ./freertos/port.o
LOAD ./freertos/queue.o
LOAD ./freertos/tasks.o
LOAD ./freertos/timers.o
LOAD ./framework/XCVR/MKW41Z4/cfgs_kw4x_3x_2x/fsl_xcvr_ant_config.o
LOAD ./framework/XCVR/MKW41Z4/cfgs_kw4x_3x_2x/fsl_xcvr_ble_config.o
LOAD ./framework/XCVR/MKW41Z4/cfgs_kw4x_3x_2x/fsl_xcvr_common_config.o
LOAD ./framework/XCVR/MKW41Z4/cfgs_kw4x_3x_2x/fsl_xcvr_gfsk_bt_0p3_h_0p5_config.o
LOAD ./framework/XCVR/MKW41Z4/cfgs_kw4x_3x_2x/fsl_xcvr_gfsk_bt_0p5_h_0p32_config.o
LOAD ./framework/XCVR/MKW41Z4/cfgs_kw4x_3x_2x/fsl_xcvr_gfsk_bt_0p5_h_0p5_config.o
LOAD ./framework/XCVR/MKW41Z4/cfgs_kw4x_3x_2x/fsl_xcvr_gfsk_bt_0p5_h_0p7_config.o
LOAD ./framework/XCVR/MKW41Z4/cfgs_kw4x_3x_2x/fsl_xcvr_gfsk_bt_0p5_h_1p0_config.o
LOAD ./framework/XCVR/MKW41Z4/cfgs_kw4x_3x_2x/fsl_xcvr_gfsk_bt_0p7_h_0p5_config.o
LOAD ./framework/XCVR/MKW41Z4/cfgs_kw4x_3x_2x/fsl_xcvr_mode_datarate_config.o
LOAD ./framework/XCVR/MKW41Z4/cfgs_kw4x_3x_2x/fsl_xcvr_msk_config.o
LOAD ./framework/XCVR/MKW41Z4/cfgs_kw4x_3x_2x/fsl_xcvr_zgbe_config.o
LOAD ./framework/XCVR/MKW41Z4/dbg_ram_capture.o
LOAD ./framework/XCVR/MKW41Z4/fsl_xcvr.o
LOAD ./framework/XCVR/MKW41Z4/fsl_xcvr_trim.o
LOAD ./framework/XCVR/MKW41Z4/ifr_radio.o
LOAD ./framework/TimersManager/Source/TMR_Adapter.o
LOAD ./framework/TimersManager/Source/TimersManager.o
LOAD ./framework/SerialManager/Source/UART_Adapter/UART_Adapter.o
LOAD ./framework/SerialManager/Source/SPI_Adapter/SPI_Adapter.o
LOAD ./framework/SerialManager/Source/I2C_Adapter/I2C_Adapter.o
LOAD ./framework/SerialManager/Source/SerialManager.o
LOAD ./framework/SecLib/SecLib.o
LOAD ./framework/Reset/Reset.o
LOAD ./framework/RNG/Source/RNG.o
LOAD ./framework/Panic/Source/Panic.o
LOAD ./framework/OSAbstraction/Source/fsl_os_abstraction_free_rtos.o
LOAD ./framework/ModuleInfo/ModuleInfo.o
LOAD ./framework/Messaging/Source/Messaging.o
LOAD ./framework/MemManager/Source/MemManager.o
LOAD ./framework/MWSCoexistence/Source/MWS.o
LOAD ./framework/Lists/GenericList.o
LOAD ./framework/LED/Source/LED.o
LOAD ./framework/Keyboard/Source/Keyboard.o
LOAD ./framework/GPIO/GPIO_Adapter.o
LOAD ./framework/FunctionLib/FunctionLib.o
LOAD ./framework/Flash/Internal/Flash_Adapter.o
LOAD ./framework/DCDC/Source/DCDC.o
LOAD ./drivers/fsl_adc16.o
LOAD ./drivers/fsl_clock.o
LOAD ./drivers/fsl_common.o
LOAD ./drivers/fsl_dspi.o
LOAD ./drivers/fsl_dspi_freertos.o
LOAD ./drivers/fsl_flash.o
LOAD ./drivers/fsl_gpio.o
LOAD ./drivers/fsl_i2c.o
LOAD ./drivers/fsl_i2c_freertos.o
LOAD ./drivers/fsl_llwu.o
LOAD ./drivers/fsl_lptmr.o
LOAD ./drivers/fsl_lpuart.o
LOAD ./drivers/fsl_lpuart_freertos.o
LOAD ./drivers/fsl_ltc.o
LOAD ./drivers/fsl_pmc.o
LOAD ./drivers/fsl_rtc.o
LOAD ./drivers/fsl_smc.o
LOAD ./drivers/fsl_tpm.o
LOAD ./drivers/fsl_trng.o
LOAD ./drivers/fsl_tsi_v4.o
LOAD ./board/board.o
LOAD ./board/clock_config.o
LOAD ./board/gpio_pins.o
LOAD ./board/pin_mux.o
LOAD ./CMSIS/system_MKW41Z4.o
LOAD C:/nxp/MCUXpressoIDE_25.6.136/ide/plugins/com.nxp.mcuxpresso.tools.win32_25.6.0.202501151204/tools/bin/../lib/gcc/arm-none-eabi/14.2.1/thumb/v6-m/nofp\libm.a
LOAD C:/nxp/MCUXpressoIDE_25.6.136/ide/plugins/com.nxp.mcuxpresso.tools.win32_25.6.0.202501151204/tools/bin/../lib/gcc/arm-none-eabi/14.2.1/thumb/v6-m/nofp\libc.a
LOAD C:/nxp/MCUXpressoIDE_25.6.136/ide/plugins/com.nxp.mcuxpresso.tools.win32_25.6.0.202501151204/tools/bin/../lib/gcc/arm-none-eabi/14.2.1/thumb/v6-m/nofp\libgcc.a
LOAD C:/nxp/MCUXpressoIDE_25.6.136/ide/plugins/com.nxp.mcuxpresso.tools.win32_25.6.0.202501151204/tools/bin/../lib/gcc/arm-none-eabi/14.2.1/thumb/v6-m/nofp\libnosys.a
LOAD C:\Users\Gabriel Gomez\Documents\MCUXpressoIDE_25.6.136\workspace\V1_frdmkw41z_wireless_examples_ieee_802_15_4_mwa_coordinator_freertos\libs\lib_crypto_m0.a
LOAD C:\Users\Gabriel Gomez\Documents\MCUXpressoIDE_25.6.136\workspace\V1_frdmkw41z_wireless_examples_ieee_802_15_4_mwa_coordinator_freertos\libs\lib802.15.4_mac_06_cm0.a
START GROUP
LOAD C:/nxp/MCUXpressoIDE_25.6.136/ide/plugins/com.nxp.mcuxpresso.tools.win32_25.6.0.202501151204/tools/bin/../lib/gcc/arm-none-eabi/14.2.1/thumb/v6-m/nofp\libgcc.a
LOAD C:/nxp/MCUXpressoIDE_25.6.136/ide/plugins/com.nxp.mcuxpresso.tools.win32_25.6.0.202501151204/tools/bin/../lib/gcc/arm-none-eabi/14.2.1/thumb/v6-m/nofp\libc.a
END GROUP
LOAD C:/nxp/MCUXpressoIDE_25.6.136/ide/plugins/com.nxp.mcuxpresso.tools.win32_25.6.0.202501151204/tools/bin/../lib/gcc/arm-none-eabi/14.2.1/thumb/v6-m/nofp/crtend.o
LOAD C:/nxp/MCUXpressoIDE_25.6.136/ide/plugins/com.nxp.mcuxpresso.tools.win32_25.6.0.202501151204/tools/bin/../lib/gcc/arm-none-eabi/14.2.1/thumb/v6-m/nofp/crtn.o
                0x00000001                        gUseNVMLink_d = DEFINED (gUseNVMLink_d)?gUseNVMLink_d:0x1
                0x00000004                        gNVMSectorCountLink_d = DEFINED (gNVMSectorCountLink_d)?gNVMSectorCountLink_d:0x4
                0x00000001                        __ram_vector_table__ = DEFINED (__ram_vector_table__)?__ram_vector_table__:0x1
                0x00000000                        __region_ROM_start__ = 0x0
                0x0007ffff                        __region_ROM_end__ = 0x7ffff
                0x1fff8000                        __region_RAM1_start__ = 0x1fff8000
                0x1fffffff                        __region_RAM1_end__ = 0x1fffffff
                0x20000000                        __region_RAM2_start__ = 0x20000000
                0x20017fff                        __region_RAM2_end__ = 0x20017fff
                0x000000c0                        __vector_table_size__ = 0xc0
                0x000000c0                        __ram_vector_table_size__ = DEFINED (__ram_vector_table__)?__vector_table_size__:0x0
                0x1fff8000                        _RAM_START_ = __region_RAM1_start__
                0x20017fff                        _RAM_END_ = __region_RAM2_end__
                0x00000000                        m_interrupts_start = __region_ROM_start__
                0x000000bf                        m_interrupts_end = ((m_interrupts_start + __vector_table_size__) - 0x1)
                0x00000400                        m_flash_config_start = 0x400
                0x00000410                        m_flash_config_end = 0x410
                0x00000800                        m_sector_size = 0x800
                0x00000200                        __size_cstack__ = DEFINED (__stack_size__)?__stack_size__:0x200
                0x00000000                        __size_heap__ = DEFINED (__heap_size__)?__heap_size__:0x0
                0x0007f800                        m_fsl_prodInfo_start = ((__region_ROM_end__ - m_sector_size) + 0x1)
                0x0007ffff                        m_fsl_prodInfo_end = __region_ROM_end__
                0x0007f800                        FREESCALE_PROD_DATA_BASE_ADDR = m_fsl_prodInfo_start
                0x00000800                        NV_STORAGE_SECTOR_SIZE = m_sector_size
                0x00000004                        NV_STORAGE_MAX_SECTORS = gNVMSectorCountLink_d
                0x0007f7ff                        NV_STORAGE_START_ADDRESS = (m_fsl_prodInfo_start - 0x1)
                0x0007d800                        NV_STORAGE_END_ADDRESS = ((NV_STORAGE_START_ADDRESS - (NV_STORAGE_MAX_SECTORS * NV_STORAGE_SECTOR_SIZE)) + 0x1)
                0x00000800                        NV_STORAGE_SECTOR_SIZE_C = m_sector_size
                0x00000004                        NV_STORAGE_MAX_SECTORS_C = gNVMSectorCountLink_d
                0x0007f7ff                        NV_STORAGE_START_ADDRESS_C = (m_fsl_prodInfo_start - 0x1)
                0x0007d800                        NV_STORAGE_END_ADDRESS_C = ((NV_STORAGE_START_ADDRESS_C - (NV_STORAGE_MAX_SECTORS_C * NV_STORAGE_SECTOR_SIZE_C)) + 0x1)
                0x00000000                        m_text_start = m_interrupts_start
                0x0007d7ff                        m_text_end = (NV_STORAGE_END_ADDRESS_C - 0x1)
                0x20000000                        m_interrupts_ram_start = __region_RAM2_start__
                0x200000bf                        m_interrupts_ram_end = ((m_interrupts_ram_start + __ram_vector_table_size__) - 0x1)
                0x20017fff                        __CSTACK_end__ = __region_RAM2_end__
                0x20017dff                        __CSTACK_start__ = (__CSTACK_end__ - __size_cstack__)
                0x20017dfe                        __HEAP_end__ = (__CSTACK_start__ - 0x1)
                0x20017dfa                        __HEAP_start__ = ((__HEAP_end__ - __size_heap__) - 0x4)
                0x1fff8000                        m_data1_start = __region_RAM1_start__
                0x1fffffff                        m_data1_end = __region_RAM1_end__
                0x20000000                        m_data2_start = m_interrupts_ram_start
                0x20017df9                        m_data2_end = (__HEAP_start__ - 0x1)
                0x000000c0                        __RAM_VECTOR_TABLE_SIZE = __ram_vector_table_size__
                0x20017dea                        __BOOT_STACK_ADDRESS = (m_data2_end - 0xf)

.interrupts     0x00000000       0xc0
                0x00000000                        __VECTOR_TABLE = .
                0x00000000                        . = ALIGN (0x4)
 *(SORT_BY_ALIGNMENT(.isr_vector))
 .isr_vector    0x00000000       0xc0 ./startup/startup_MKW41Z4.o
                0x00000000                __isr_vector
                0x000000c0                        . = ALIGN (0x4)

.freescale_prod_data
                0x0007f800        0x0
                0x0007f800                        . = ALIGN (0x4)
 *(SORT_BY_ALIGNMENT(.FREESCALE_PROD_DATA))
                0x0007f800                        . = ALIGN (0x4)

.flash_config   0x00000400       0x10
                0x00000400                        . = ALIGN (0x4)
 *(SORT_BY_ALIGNMENT(.FlashConfig))
 .FlashConfig   0x00000400       0x10 ./startup/startup_MKW41Z4.o
                0x00000410                        . = ALIGN (0x4)

.text           0x00000420    0x1a91c
                0x00000420                        . = ALIGN (0x4)
 *(SORT_BY_ALIGNMENT(.text))
 .text          0x00000420       0x80 C:/nxp/MCUXpressoIDE_25.6.136/ide/plugins/com.nxp.mcuxpresso.tools.win32_25.6.0.202501151204/tools/bin/../lib/gcc/arm-none-eabi/14.2.1/thumb/v6-m/nofp/crt0.o
                0x00000420                _stack_init
                0x0000042c                _start
                0x0000042c                _mainCRTStartup
 .text          0x000004a0       0xc0 ./startup/startup_MKW41Z4.o
                0x000004a0                Reset_Handler
                0x000004e8                Radio_0_IRQHandler
                0x000004e8                DMA0_DriverIRQHandler
                0x000004e8                CMP0_IRQHandler
                0x000004e8                DMA2_DriverIRQHandler
                0x000004e8                TPM0_IRQHandler
                0x000004e8                Radio_1_IRQHandler
                0x000004e8                LLWU_IRQHandler
                0x000004e8                TSI0_IRQHandler
                0x000004e8                ADC0_IRQHandler
                0x000004e8                CMT_IRQHandler
                0x000004e8                LPTMR0_IRQHandler
                0x000004e8                DefaultISR
                0x000004e8                PORTB_PORTC_IRQHandler
                0x000004e8                TPM2_IRQHandler
                0x000004e8                RTC_IRQHandler
                0x000004e8                LVD_LVW_DCDC_IRQHandler
                0x000004e8                DMA3_DriverIRQHandler
                0x000004e8                RTC_Seconds_IRQHandler
                0x000004e8                MCG_IRQHandler
                0x000004e8                TRNG0_IRQHandler
                0x000004e8                Reserved20_IRQHandler
                0x000004e8                LTC0_IRQHandler
                0x000004e8                PIT_IRQHandler
                0x000004e8                DMA1_DriverIRQHandler
                0x000004e8                FTFA_IRQHandler
                0x000004e8                PORTA_IRQHandler
                0x000004e8                TPM1_IRQHandler
                0x000004e8                DAC0_IRQHandler
                0x00000500                DMA0_IRQHandler
                0x00000504                DMA1_IRQHandler
                0x00000508                DMA2_IRQHandler
                0x0000050c                DMA3_IRQHandler
                0x00000510                I2C0_IRQHandler
                0x00000514                I2C1_IRQHandler
                0x00000518                SPI0_IRQHandler
                0x0000051c                LPUART0_IRQHandler
                0x00000520                SPI1_IRQHandler
 .text          0x00000560      0x114 C:/nxp/MCUXpressoIDE_25.6.136/ide/plugins/com.nxp.mcuxpresso.tools.win32_25.6.0.202501151204/tools/bin/../lib/gcc/arm-none-eabi/14.2.1/thumb/v6-m/nofp\libgcc.a(_udivsi3.o)
                0x00000560                __aeabi_uidiv
                0x00000560                __udivsi3
                0x0000066c                __aeabi_uidivmod
 .text          0x00000674      0x1d4 C:/nxp/MCUXpressoIDE_25.6.136/ide/plugins/com.nxp.mcuxpresso.tools.win32_25.6.0.202501151204/tools/bin/../lib/gcc/arm-none-eabi/14.2.1/thumb/v6-m/nofp\libgcc.a(_divsi3.o)
                0x00000674                __divsi3
                0x00000674                __aeabi_idiv
                0x00000840                __aeabi_idivmod
 .text          0x00000848        0x4 C:/nxp/MCUXpressoIDE_25.6.136/ide/plugins/com.nxp.mcuxpresso.tools.win32_25.6.0.202501151204/tools/bin/../lib/gcc/arm-none-eabi/14.2.1/thumb/v6-m/nofp\libgcc.a(_dvmd_tls.o)
                0x00000848                __aeabi_idiv0
                0x00000848                __aeabi_ldiv0
 .text          0x0000084c       0x74 C:/nxp/MCUXpressoIDE_25.6.136/ide/plugins/com.nxp.mcuxpresso.tools.win32_25.6.0.202501151204/tools/bin/../lib/gcc/arm-none-eabi/14.2.1/thumb/v6-m/nofp\libgcc.a(_arm_cmpsf2.o)
                0x0000084c                __aeabi_cfrcmple
                0x00000854                __aeabi_cfcmpeq
                0x00000854                __aeabi_cfcmple
                0x00000864                __aeabi_fcmpeq
                0x00000870                __aeabi_fcmplt
                0x00000884                __aeabi_fcmple
                0x00000898                __aeabi_fcmpgt
                0x000008ac                __aeabi_fcmpge
 .text          0x000008c0       0x40 C:/nxp/MCUXpressoIDE_25.6.136/ide/plugins/com.nxp.mcuxpresso.tools.win32_25.6.0.202501151204/tools/bin/../lib/gcc/arm-none-eabi/14.2.1/thumb/v6-m/nofp\libgcc.a(_aeabi_uldivmod.o)
                0x000008c0                __aeabi_uldivmod
 .text          0x00000900       0x3c C:/nxp/MCUXpressoIDE_25.6.136/ide/plugins/com.nxp.mcuxpresso.tools.win32_25.6.0.202501151204/tools/bin/../lib/gcc/arm-none-eabi/14.2.1/thumb/v6-m/nofp\libgcc.a(_clzsi2.o)
                0x00000900                __clzsi2
 .text          0x0000093c       0x18 C:/nxp/MCUXpressoIDE_25.6.136/ide/plugins/com.nxp.mcuxpresso.tools.win32_25.6.0.202501151204/tools/bin/../lib/gcc/arm-none-eabi/14.2.1/thumb/v6-m/nofp\libgcc.a(_clzdi2.o)
                0x0000093c                __clzdi2
 .text          0x00000954       0x38 C:\Users\Gabriel Gomez\Documents\MCUXpressoIDE_25.6.136\workspace\V1_frdmkw41z_wireless_examples_ieee_802_15_4_mwa_coordinator_freertos\libs\lib_crypto_m0.a(SW_RNG.o)
                0x00000954                SecLib_set_rng_seed
                0x00000964                SecLib_get_random
 .text          0x0000098c      0x530 C:\Users\Gabriel Gomez\Documents\MCUXpressoIDE_25.6.136\workspace\V1_frdmkw41z_wireless_examples_ieee_802_15_4_mwa_coordinator_freertos\libs\lib802.15.4_mac_06_cm0.a(MacMain.o)
                0x0000098c                BindToMAC
                0x000009b8                UnBindFromMAC
                0x000009d4                MAC_EventSet
                0x000009fe                Mac_Task
                0x00000af0                Mac_InitializeData
                0x00000b94                Mac_RegisterSapHandlers
                0x00000ba6                PD_MAC_SapHandler
                0x00000bc8                PLME_MAC_SapHandler
                0x00000bd0                NWK_MCPS_SapHandler
                0x00000c2c                NWK_MLME_SapHandler
                0x00000cd4                Mlme_VerifyNwkInput
                0x00000de0                Mac_GetState
                0x00000e48                Dumy_MCPS_NWK_SapHandler
                0x00000e4c                Dumy_MLME_NWK_SapHandler
                0x00000e56                Mac_SetTrxLowPowerMode
                0x00000e8a                Mac_SetTrxActiveMode
 .text          0x00000ebc      0xc88 C:\Users\Gabriel Gomez\Documents\MCUXpressoIDE_25.6.136\workspace\V1_frdmkw41z_wireless_examples_ieee_802_15_4_mwa_coordinator_freertos\libs\lib802.15.4_mac_06_cm0.a(MacPib.o)
                0x00000ebc                macInitPIBs
                0x000011c8                macVerifySetReq
                0x000012cc                mlmeGetSetReq
                0x00001854                mlmeGetSizeOfPIB
                0x000019a2                Mac_SetPhyPIBs
                0x00001ad2                Mac_SetExtendedAddress
                0x00001b00                Mac_GetExtendedAddress
 .text          0x00001b44      0x5a0 C:\Users\Gabriel Gomez\Documents\MCUXpressoIDE_25.6.136\workspace\V1_frdmkw41z_wireless_examples_ieee_802_15_4_mwa_coordinator_freertos\libs\lib802.15.4_mac_06_cm0.a(MacStateMachine.o)
                0x00001b44                Mac_TransactionExpire
                0x00001b50                Mac_PhyMsgHandler
                0x00001c10                Mac_NwkMsgHandler
                0x00001e44                Mac_McpsDataReqHandle
 .text          0x000020e4      0x290 C:\Users\Gabriel Gomez\Documents\MCUXpressoIDE_25.6.136\workspace\V1_frdmkw41z_wireless_examples_ieee_802_15_4_mwa_coordinator_freertos\libs\lib802.15.4_mac_06_cm0.a(Poll.o)
                0x000020e4                Poll_VerifyParameters
                0x00002122                Poll_InitSeq
                0x0000218a                Poll_SendStatus
                0x000021c4                Poll_DataRx
                0x00002280                Poll_SendConfirm
                0x00002318                Poll_Timeout
 .text          0x00002374       0xdc C:\Users\Gabriel Gomez\Documents\MCUXpressoIDE_25.6.136\workspace\V1_frdmkw41z_wireless_examples_ieee_802_15_4_mwa_coordinator_freertos\libs\lib802.15.4_mac_06_cm0.a(RxEnable.o)
                0x00002374                RxEnable_InitSeq
                0x000023ce                RxEnable_SetRx
                0x0000240e                RxEnable_Deactivate
 .text          0x00002450      0x670 C:\Users\Gabriel Gomez\Documents\MCUXpressoIDE_25.6.136\workspace\V1_frdmkw41z_wireless_examples_ieee_802_15_4_mwa_coordinator_freertos\libs\lib802.15.4_mac_06_cm0.a(Scan.o)
                0x00002450                Mac_ScanMsgHandler
                0x000024de                Scan_StartFastEDScan
                0x00002510                Scan_StartEDScan
                0x00002588                Scan_StartActivePassiveScan
                0x000025e2                Scan_StartOrphanScan
                0x00002612                Scan_Advance
                0x00002634                Scan_StartTimer
                0x00002660                Scan_FastEdAcquire
                0x000026b6                Scan_EdAcquire
                0x0000270a                Scan_ActivePassiveAcquire
                0x00002848                Scan_OrphanAcquire
 .text          0x00002ac0      0x1b6 C:\Users\Gabriel Gomez\Documents\MCUXpressoIDE_25.6.136\workspace\V1_frdmkw41z_wireless_examples_ieee_802_15_4_mwa_coordinator_freertos\libs\lib802.15.4_mac_06_cm0.a(Start.o)
                0x00002ac0                Start_VerifyParameters
                0x00002b80                Start_InitSeq
                0x00002bc6                Start_SetPIBs
                0x00002c26                CoordRealignment_SendStatus
                0x00002c4e                Start_SeqTerminate
 *fill*         0x00002c76        0x2 
 .text          0x00002c78      0x3c6 C:\Users\Gabriel Gomez\Documents\MCUXpressoIDE_25.6.136\workspace\V1_frdmkw41z_wireless_examples_ieee_802_15_4_mwa_coordinator_freertos\libs\lib802.15.4_mac_06_cm0.a(Association.o)
                0x00002c78                Association_VerifyParameters
                0x00002cc8                Association_InitSeq
                0x00002d2c                Association_TriggerPoll
                0x00002d66                AssociationPoll_SendStatus
                0x00002e00                AssociationPoll_DataRx
                0x00002f00                AssociationReq_SendStatus
                0x00002fbc                AssociationRes_VerifyParameters
                0x00002ff0                AssociationRes_SendStatus
 *fill*         0x0000303e        0x2 
 .text          0x00003040      0x710 C:\Users\Gabriel Gomez\Documents\MCUXpressoIDE_25.6.136\workspace\V1_frdmkw41z_wireless_examples_ieee_802_15_4_mwa_coordinator_freertos\libs\lib802.15.4_mac_06_cm0.a(DataRx.o)
                0x00003040                Mac_PreProcessDataIndication
                0x000030cc                Mac_ProcessDataIndication
                0x000032ec                Mac_ProcessBeaconFrame
                0x000034a0                Mac_CreateMcpsDataInd
                0x00003552                Mac_CreateMlmeCommStatusInd
                0x000035f4                Mac_CreateMlmeSyncLossInd
                0x0000364e                Mac_IsPanIdConflict
                0x000036ac                Mac_IsMyCoordinator
                0x000036fe                Mac_PostponeActiveSeq
 .text          0x00003750      0x5d8 C:\Users\Gabriel Gomez\Documents\MCUXpressoIDE_25.6.136\workspace\V1_frdmkw41z_wireless_examples_ieee_802_15_4_mwa_coordinator_freertos\libs\lib802.15.4_mac_06_cm0.a(DataTx.o)
                0x00003750                DataTx_VerifyParameters
                0x000037c6                DataTx_InitSeq
                0x000039b4                DataTx_SendData
                0x000039e8                DataTx_SendDataConfirm
                0x00003a82                DataTx_SendEmptyFrame
                0x00003abc                DataTx_SendStatus
                0x00003be8                DataTx_CheckForExpirePackets
                0x00003c74                Mac_GetRandomBackoff
                0x00003c94                DataTx_CsmaCaRetry
                0x00003cbc                DataTx_Backoff
                0x00003cce                DataTx_SendDataWithBackoff
                0x00003d1c                Mac_InitCsmaCaVariables
 .text          0x00003d28      0x10c C:\Users\Gabriel Gomez\Documents\MCUXpressoIDE_25.6.136\workspace\V1_frdmkw41z_wireless_examples_ieee_802_15_4_mwa_coordinator_freertos\libs\lib802.15.4_mac_06_cm0.a(Disassociation.o)
                0x00003d28                Disassociation_VerifyParameters
                0x00003db2                Disassociation_InitSeq
                0x00003df4                Disassociation_SendStatus
 .text          0x00003e34      0xca4 C:\Users\Gabriel Gomez\Documents\MCUXpressoIDE_25.6.136\workspace\V1_frdmkw41z_wireless_examples_ieee_802_15_4_mwa_coordinator_freertos\libs\lib802.15.4_mac_06_cm0.a(MacFrames.o)
                0x00003e34                FrameBuild_AssociationRequest
                0x00003e9c                FrameBuild_AssociationResponse
                0x00003f1c                FrameBuild_DisassociationNotification
                0x00003f8c                FrameBuild_DataRequest
                0x00004042                FrameBuild_PanIdConflictNotification
                0x00004074                FrameBuild_OrphanNotification
                0x000040a6                FrameBuild_BeaconRequest
                0x000040e4                FrameBuild_CoordinatorRealignment
                0x00004210                FrameBuild_Beacon
                0x000043d0                FrameBuild_Data
                0x00004658                FrameBuild_ZeroLengthPayload
                0x00004720                Mac_GetMacHeader
                0x00004804                Mac_GetMaxMsduLength
                0x00004834                Mac_GetOverheadSize
                0x00004880                FrameBuild_Command
                0x00004ad4                addrModeFieldLengthTable
 .text          0x00004ad8       0x4c C:\Users\Gabriel Gomez\Documents\MCUXpressoIDE_25.6.136\workspace\V1_frdmkw41z_wireless_examples_ieee_802_15_4_mwa_coordinator_freertos\libs\lib802.15.4_mac_06_cm0.a(MacMem.o)
                0x00004ad8                Mac_MemAllocZero
                0x00004af8                FrameAlloc
 .text          0x00004b24      0xa28 C:\Users\Gabriel Gomez\Documents\MCUXpressoIDE_25.6.136\workspace\V1_frdmkw41z_wireless_examples_ieee_802_15_4_mwa_coordinator_freertos\libs\lib802.15.4_mac_06_cm0.a(MacSec.o)
                0x00004b5c                Sec_DetermineASHLength
                0x00004b8c                keyIdModeToAshLengthTable
                0x00004cf2                Sec_CheckBeaconSecurityParameters
                0x00004db0                Sec_SecureTxFrame
                0x00004f68                Sec_CreateAuxSecHeader
                0x00004ff0                Sec_CheckRxSecLevel
                0x00004ff8                Sec_UnsecureRxFrame
 .text          0x0000554c       0xce C:\Users\Gabriel Gomez\Documents\MCUXpressoIDE_25.6.136\workspace\V1_frdmkw41z_wireless_examples_ieee_802_15_4_mwa_coordinator_freertos\libs\lib802.15.4_mac_06_cm0.a(Orphan.o)
                0x0000554c                Orphan_VerifyParameters
                0x00005584                Orphan_InitSeq
                0x000055c6                Orphan_SendStatus
 .text          0x0000561a      0x11c C:\Users\Gabriel Gomez\Documents\MCUXpressoIDE_25.6.136\workspace\V1_frdmkw41z_wireless_examples_ieee_802_15_4_mwa_coordinator_freertos\libs\lib802.15.4_mac_06_cm0.a(Reset.o)
                0x0000561a                mlmeResetReq
 .text          0x00005736       0xfa C:\Users\Gabriel Gomez\Documents\MCUXpressoIDE_25.6.136\workspace\V1_frdmkw41z_wireless_examples_ieee_802_15_4_mwa_coordinator_freertos\libs\lib802.15.4_mac_06_cm0.a(MacSequenceMngr.o)
                0x00005736                getFirstSequenceByChecksum
                0x00005750                getLastSequenceByChecksum
                0x00005770                getSequenceByDestination
                0x0000579a                getSequenceByMsduHandle
                0x000057ba                createNewSeq
                0x000057d0                getChecksum
                0x000057fc                getFreeIndex
 .text          0x00005830       0x68 C:\Users\Gabriel Gomez\Documents\MCUXpressoIDE_25.6.136\workspace\V1_frdmkw41z_wireless_examples_ieee_802_15_4_mwa_coordinator_freertos\libs\lib802.15.4_mac_06_cm0.a(SecurityLib.o)
                0x00005830                AES_128_CCM_Star
 *(SORT_BY_ALIGNMENT(.text*))
 *fill*         0x00005898        0x8 
 .text.vPortStartFirstTask
                0x000058a0       0x38 ./freertos/port.o
 *fill*         0x000058d8        0x8 
 .text.PendSV_Handler
                0x000058e0       0x48 ./freertos/port.o
                0x000058e0                PendSV_Handler
 .text.deregister_tm_clones
                0x00005928       0x20 C:/nxp/MCUXpressoIDE_25.6.136/ide/plugins/com.nxp.mcuxpresso.tools.win32_25.6.0.202501151204/tools/bin/../lib/gcc/arm-none-eabi/14.2.1/thumb/v6-m/nofp/crtbegin.o
 .text.register_tm_clones
                0x00005948       0x28 C:/nxp/MCUXpressoIDE_25.6.136/ide/plugins/com.nxp.mcuxpresso.tools.win32_25.6.0.202501151204/tools/bin/../lib/gcc/arm-none-eabi/14.2.1/thumb/v6-m/nofp/crtbegin.o
 .text.__do_global_dtors_aux
                0x00005970       0x2c C:/nxp/MCUXpressoIDE_25.6.136/ide/plugins/com.nxp.mcuxpresso.tools.win32_25.6.0.202501151204/tools/bin/../lib/gcc/arm-none-eabi/14.2.1/thumb/v6-m/nofp/crtbegin.o
 .text.frame_dummy
                0x0000599c       0x24 C:/nxp/MCUXpressoIDE_25.6.136/ide/plugins/com.nxp.mcuxpresso.tools.win32_25.6.0.202501151204/tools/bin/../lib/gcc/arm-none-eabi/14.2.1/thumb/v6-m/nofp/crtbegin.o
 .text.DbgConsole_Printf
                0x000059c0       0x44 ./utilities/fsl_debug_console.o
                0x000059c0                DbgConsole_Printf
 .text.DbgConsole_Putchar
                0x00005a04       0x34 ./utilities/fsl_debug_console.o
                0x00005a04                DbgConsole_Putchar
 .text.main_task
                0x00005a38       0x78 ./source/mwa_coordinator.o
                0x00005a38                main_task
 .text.App_init
                0x00005ab0       0xc8 ./source/mwa_coordinator.o
                0x00005ab0                App_init
 .text.AppThread
                0x00005b78      0x314 ./source/mwa_coordinator.o
                0x00005b78                AppThread
 .text.UartRxCallBack
                0x00005e8c       0x64 ./source/mwa_coordinator.o
 .text.App_StartScan
                0x00005ef0       0xc8 ./source/mwa_coordinator.o
 .text.App_HandleScanEdConfirm
                0x00005fb8      0x144 ./source/mwa_coordinator.o
 .text.App_StartCoordinator
                0x000060fc      0x160 ./source/mwa_coordinator.o
 .text.App_SendAssociateResponse
                0x0000625c      0x254 ./source/mwa_coordinator.o
 .text.App_HandleMlmeInput
                0x000064b0       0x6c ./source/mwa_coordinator.o
 .text.App_HandleMcpsInput
                0x0000651c      0x19c ./source/mwa_coordinator.o
 .text.App_TransmitUartData
                0x000066b8      0x1a4 ./source/mwa_coordinator.o
 .text.App_HandleKeys
                0x0000685c       0x40 ./source/mwa_coordinator.o
 .text.MLME_NWK_SapHandler
                0x0000689c       0x34 ./source/mwa_coordinator.o
                0x0000689c                MLME_NWK_SapHandler
 .text.MCPS_NWK_SapHandler
                0x000068d0       0x34 ./source/mwa_coordinator.o
                0x000068d0                MCPS_NWK_SapHandler
 .text.App_FindNode
                0x00006904       0x7c ./source/mwa_coordinator.o
 .text.App_FindFreeSlot
                0x00006980       0x4c ./source/mwa_coordinator.o
 .text.App_PrintNode
                0x000069cc      0x120 ./source/mwa_coordinator.o
 .text.HardFault_Handler
                0x00006aec       0x38 ./source/semihost_hardfault.o
                0x00006aec                HardFault_Handler
 .text.NVIC_EnableIRQ
                0x00006b24       0x2c ./ieee_802.15.4/phy/source/MKW41Z/PhyISR.o
 .text.NVIC_SetPendingIRQ
                0x00006b50       0x30 ./ieee_802.15.4/phy/source/MKW41Z/PhyISR.o
 .text.NVIC_ClearPendingIRQ
                0x00006b80       0x30 ./ieee_802.15.4/phy/source/MKW41Z/PhyISR.o
 .text.NVIC_SetPriority
                0x00006bb0       0xdc ./ieee_802.15.4/phy/source/MKW41Z/PhyISR.o
 .text.ProtectFromXcvrInterrupt
                0x00006c8c       0x3c ./ieee_802.15.4/phy/source/MKW41Z/PhyISR.o
                0x00006c8c                ProtectFromXcvrInterrupt
 .text.UnprotectFromXcvrInterrupt
                0x00006cc8       0x44 ./ieee_802.15.4/phy/source/MKW41Z/PhyISR.o
                0x00006cc8                UnprotectFromXcvrInterrupt
 .text.PhyIsrPassRxParams
                0x00006d0c       0x1c ./ieee_802.15.4/phy/source/MKW41Z/PhyISR.o
                0x00006d0c                PhyIsrPassRxParams
 .text.PhyIsrSeqCleanup
                0x00006d28       0x5c ./ieee_802.15.4/phy/source/MKW41Z/PhyISR.o
 .text.PhyIsrTimeoutCleanup
                0x00006d84       0x60 ./ieee_802.15.4/phy/source/MKW41Z/PhyISR.o
 .text.Phy_GetEnergyLevel
                0x00006de4       0x58 ./ieee_802.15.4/phy/source/MKW41Z/PhyISR.o
                0x00006de4                Phy_GetEnergyLevel
 .text.PHY_InterruptHandler
                0x00006e3c      0x368 ./ieee_802.15.4/phy/source/MKW41Z/PhyISR.o
                0x00006e3c                PHY_InterruptHandler
 .text.PHY_InstallIsr
                0x000071a4       0x30 ./ieee_802.15.4/phy/source/MKW41Z/PhyISR.o
                0x000071a4                PHY_InstallIsr
 .text.Phy_GetRxParams
                0x000071d4       0x74 ./ieee_802.15.4/phy/source/MKW41Z/PhyISR.o
 .text.PhyHwInit
                0x00007248      0x13c ./ieee_802.15.4/phy/source/MKW41Z/PhyPacketProcessor.o
                0x00007248                PhyHwInit
 .text.PhyAbort
                0x00007384       0xb4 ./ieee_802.15.4/phy/source/MKW41Z/PhyPacketProcessor.o
                0x00007384                PhyAbort
 .text.PhyPpGetState
                0x00007438       0x1c ./ieee_802.15.4/phy/source/MKW41Z/PhyPacketProcessor.o
                0x00007438                PhyPpGetState
 .text.PhyPpSetPanId
                0x00007454       0x70 ./ieee_802.15.4/phy/source/MKW41Z/PhyPacketProcessor.o
                0x00007454                PhyPpSetPanId
 .text.PhyPpSetShortAddr
                0x000074c4       0x70 ./ieee_802.15.4/phy/source/MKW41Z/PhyPacketProcessor.o
                0x000074c4                PhyPpSetShortAddr
 .text.PhyPpSetLongAddr
                0x00007534       0x60 ./ieee_802.15.4/phy/source/MKW41Z/PhyPacketProcessor.o
                0x00007534                PhyPpSetLongAddr
 .text.PhyPpSetMacRole
                0x00007594       0x90 ./ieee_802.15.4/phy/source/MKW41Z/PhyPacketProcessor.o
                0x00007594                PhyPpSetMacRole
 .text.PhyPpSetPromiscuous
                0x00007624       0x5c ./ieee_802.15.4/phy/source/MKW41Z/PhyPacketProcessor.o
                0x00007624                PhyPpSetPromiscuous
 .text.PhyPp_IndirectQueueInsert
                0x00007680       0x6c ./ieee_802.15.4/phy/source/MKW41Z/PhyPacketProcessor.o
                0x00007680                PhyPp_IndirectQueueInsert
 .text.PhyPp_RemoveFromIndirect
                0x000076ec       0x60 ./ieee_802.15.4/phy/source/MKW41Z/PhyPacketProcessor.o
                0x000076ec                PhyPp_RemoveFromIndirect
 .text.PhyPpIsTxAckDataPending
                0x0000774c       0x4c ./ieee_802.15.4/phy/source/MKW41Z/PhyPacketProcessor.o
                0x0000774c                PhyPpIsTxAckDataPending
 .text.PhyPlmeSetPwrState
                0x00007798      0x128 ./ieee_802.15.4/phy/source/MKW41Z/PhyPacketProcessor.o
                0x00007798                PhyPlmeSetPwrState
 .text.PhyPdDataRequest
                0x000078c0      0x1b0 ./ieee_802.15.4/phy/source/MKW41Z/PhyPlmeData.o
                0x000078c0                PhyPdDataRequest
 .text.PhyPlmeRxRequest
                0x00007a70      0x16c ./ieee_802.15.4/phy/source/MKW41Z/PhyPlmeData.o
                0x00007a70                PhyPlmeRxRequest
 .text.PhyPlmeCcaEdRequest
                0x00007bdc      0x11c ./ieee_802.15.4/phy/source/MKW41Z/PhyPlmeData.o
                0x00007bdc                PhyPlmeCcaEdRequest
 .text.PhyPlmeSetCurrentChannelRequest
                0x00007cf8       0x8c ./ieee_802.15.4/phy/source/MKW41Z/PhyPlmeData.o
                0x00007cf8                PhyPlmeSetCurrentChannelRequest
 .text.PhyPlmeGetCurrentChannelRequest
                0x00007d84       0x3c ./ieee_802.15.4/phy/source/MKW41Z/PhyPlmeData.o
                0x00007d84                PhyPlmeGetCurrentChannelRequest
 .text.PhyPlmeSetPwrLevelRequest
                0x00007dc0       0x7c ./ieee_802.15.4/phy/source/MKW41Z/PhyPlmeData.o
                0x00007dc0                PhyPlmeSetPwrLevelRequest
 .text.PhyPlmeGetPwrLevelRequest
                0x00007e3c       0x34 ./ieee_802.15.4/phy/source/MKW41Z/PhyPlmeData.o
                0x00007e3c                PhyPlmeGetPwrLevelRequest
 .text.PhyPlmeSetPIBRequest
                0x00007e70      0x1d0 ./ieee_802.15.4/phy/source/MKW41Z/PhyPlmeData.o
                0x00007e70                PhyPlmeSetPIBRequest
 .text.PhyPlmeGetPIBRequest
                0x00008040      0x3c0 ./ieee_802.15.4/phy/source/MKW41Z/PhyPlmeData.o
                0x00008040                PhyPlmeGetPIBRequest
 .text.PhyRxRetry
                0x00008400       0x74 ./ieee_802.15.4/phy/source/MKW41Z/PhyPlmeData.o
 .text.Phy_Init
                0x00008474       0x40 ./ieee_802.15.4/phy/source/MKW41Z/PhyStateMachine.o
                0x00008474                Phy_Init
 .text.Phy_RegisterSapHandlers
                0x000084b4       0x24 ./ieee_802.15.4/phy/source/MKW41Z/PhyStateMachine.o
                0x000084b4                Phy_RegisterSapHandlers
 .text.Phy24Task
                0x000084d8      0x25c ./ieee_802.15.4/phy/source/MKW41Z/PhyStateMachine.o
 .text.MAC_PD_SapHandler
                0x00008734       0xb0 ./ieee_802.15.4/phy/source/MKW41Z/PhyStateMachine.o
                0x00008734                MAC_PD_SapHandler
 .text.MAC_PLME_SapHandler
                0x000087e4      0x194 ./ieee_802.15.4/phy/source/MKW41Z/PhyStateMachine.o
                0x000087e4                MAC_PLME_SapHandler
 .text.Phy_HandlePdDataReq
                0x00008978      0x188 ./ieee_802.15.4/phy/source/MKW41Z/PhyStateMachine.o
 .text.Phy_EnterIdle
                0x00008b00       0x88 ./ieee_802.15.4/phy/source/MKW41Z/PhyStateMachine.o
 .text.PhyPlmeSetFrameWaitTime
                0x00008b88       0x1c ./ieee_802.15.4/phy/source/MKW41Z/PhyStateMachine.o
                0x00008b88                PhyPlmeSetFrameWaitTime
 .text.PhyPlmeSetRxOnWhenIdle
                0x00008ba4       0x88 ./ieee_802.15.4/phy/source/MKW41Z/PhyStateMachine.o
                0x00008ba4                PhyPlmeSetRxOnWhenIdle
 .text.PhyIsIdleRx
                0x00008c2c       0x4c ./ieee_802.15.4/phy/source/MKW41Z/PhyStateMachine.o
                0x00008c2c                PhyIsIdleRx
 .text.Radio_Phy_PdDataConfirm
                0x00008c78       0x94 ./ieee_802.15.4/phy/source/MKW41Z/PhyStateMachine.o
                0x00008c78                Radio_Phy_PdDataConfirm
 .text.Radio_Phy_PdDataIndication
                0x00008d0c       0x24 ./ieee_802.15.4/phy/source/MKW41Z/PhyStateMachine.o
                0x00008d0c                Radio_Phy_PdDataIndication
 .text.Radio_Phy_PlmeCcaConfirm
                0x00008d30       0x34 ./ieee_802.15.4/phy/source/MKW41Z/PhyStateMachine.o
                0x00008d30                Radio_Phy_PlmeCcaConfirm
 .text.Radio_Phy_PlmeEdConfirm
                0x00008d64       0x34 ./ieee_802.15.4/phy/source/MKW41Z/PhyStateMachine.o
                0x00008d64                Radio_Phy_PlmeEdConfirm
 .text.Radio_Phy_TimeRxTimeoutIndication
                0x00008d98       0x30 ./ieee_802.15.4/phy/source/MKW41Z/PhyStateMachine.o
                0x00008d98                Radio_Phy_TimeRxTimeoutIndication
 .text.Radio_Phy_PlmeRxWatermark
                0x00008dc8       0xb8 ./ieee_802.15.4/phy/source/MKW41Z/PhyStateMachine.o
                0x00008dc8                Radio_Phy_PlmeRxWatermark
 .text.Radio_Phy_PlmeFilterFailRx
                0x00008e80       0x54 ./ieee_802.15.4/phy/source/MKW41Z/PhyStateMachine.o
                0x00008e80                Radio_Phy_PlmeFilterFailRx
 .text.PLME_SendMessage
                0x00008ed4       0xd4 ./ieee_802.15.4/phy/source/MKW41Z/PhyStateMachine.o
 .text.PD_SendMessage
                0x00008fa8      0x268 ./ieee_802.15.4/phy/source/MKW41Z/PhyStateMachine.o
 .text.Phy_SendLatePLME
                0x00009210       0x24 ./ieee_802.15.4/phy/source/MKW41Z/PhyStateMachine.o
 .text.Phy_SendLatePD
                0x00009234       0x24 ./ieee_802.15.4/phy/source/MKW41Z/PhyStateMachine.o
 .text.Radio_Phy_Notify
                0x00009258       0x18 ./ieee_802.15.4/phy/source/MKW41Z/PhyStateMachine.o
                0x00009258                Radio_Phy_Notify
 .text.PhyTimeSetEventTrigger
                0x00009270       0x68 ./ieee_802.15.4/phy/source/MKW41Z/PhyTime.o
                0x00009270                PhyTimeSetEventTrigger
 .text.PhyTimeDisableEventTrigger
                0x000092d8       0x5c ./ieee_802.15.4/phy/source/MKW41Z/PhyTime.o
                0x000092d8                PhyTimeDisableEventTrigger
 .text.PhyTimeSetEventTimeout
                0x00009334       0x74 ./ieee_802.15.4/phy/source/MKW41Z/PhyTime.o
                0x00009334                PhyTimeSetEventTimeout
 .text.PhyTimeGetEventTimeout
                0x000093a8       0x20 ./ieee_802.15.4/phy/source/MKW41Z/PhyTime.o
                0x000093a8                PhyTimeGetEventTimeout
 .text.PhyTimeDisableEventTimeout
                0x000093c8       0x60 ./ieee_802.15.4/phy/source/MKW41Z/PhyTime.o
                0x000093c8                PhyTimeDisableEventTimeout
 .text.PhyTimeReadClock
                0x00009428       0x28 ./ieee_802.15.4/phy/source/MKW41Z/PhyTime.o
                0x00009428                PhyTimeReadClock
 .text.PhyTimeSetWaitTimeout
                0x00009450       0x6c ./ieee_802.15.4/phy/source/MKW41Z/PhyTime.o
                0x00009450                PhyTimeSetWaitTimeout
 .text.PhyTimeDisableWaitTimeout
                0x000094bc       0x50 ./ieee_802.15.4/phy/source/MKW41Z/PhyTime.o
                0x000094bc                PhyTimeDisableWaitTimeout
 .text.PhyTime_ISR
                0x0000950c       0x54 ./ieee_802.15.4/phy/source/MKW41Z/PhyTime.o
                0x0000950c                PhyTime_ISR
 .text.PhyTime_TimerInit
                0x00009560       0x90 ./ieee_802.15.4/phy/source/MKW41Z/PhyTime.o
                0x00009560                PhyTime_TimerInit
 .text.PhyTime_GetTimestamp
                0x000095f0       0x80 ./ieee_802.15.4/phy/source/MKW41Z/PhyTime.o
                0x000095f0                PhyTime_GetTimestamp
 .text.PhyTime_ScheduleEvent
                0x00009670       0xe8 ./ieee_802.15.4/phy/source/MKW41Z/PhyTime.o
                0x00009670                PhyTime_ScheduleEvent
 .text.PhyTime_CancelEvent
                0x00009758       0xa4 ./ieee_802.15.4/phy/source/MKW41Z/PhyTime.o
                0x00009758                PhyTime_CancelEvent
 .text.PhyTime_CancelEventsWithParam
                0x000097fc       0xac ./ieee_802.15.4/phy/source/MKW41Z/PhyTime.o
                0x000097fc                PhyTime_CancelEventsWithParam
 .text.PhyTime_RunCallback
                0x000098a8       0x70 ./ieee_802.15.4/phy/source/MKW41Z/PhyTime.o
                0x000098a8                PhyTime_RunCallback
 .text.PhyTime_Maintenance
                0x00009918       0xa8 ./ieee_802.15.4/phy/source/MKW41Z/PhyTime.o
                0x00009918                PhyTime_Maintenance
 .text.PhyTime_OverflowCB
                0x000099c0       0x50 ./ieee_802.15.4/phy/source/MKW41Z/PhyTime.o
 .text.PhyTime_GetNextEvent
                0x00009a10       0x74 ./ieee_802.15.4/phy/source/MKW41Z/PhyTime.o
 .text.MAC_Init
                0x00009a84       0x68 ./ieee_802.15.4/mac/source/App/MacGlobals.o
                0x00009a84                MAC_Init
 .text.xEventGroupSetBitsFromISR
                0x00009aec       0x2c ./freertos/event_groups.o
                0x00009aec                xEventGroupSetBitsFromISR
 .text.prvSetupTimerInterrupt
                0x00009b18       0x40 ./freertos/fsl_tickless_lptmr.o
                0x00009b18                prvSetupTimerInterrupt
 .text.pvPortMalloc
                0x00009b58      0x150 ./freertos/heap_4.o
                0x00009b58                pvPortMalloc
 .text.vPortFree
                0x00009ca8       0x94 ./freertos/heap_4.o
                0x00009ca8                vPortFree
 .text.prvHeapInit
                0x00009d3c       0xc0 ./freertos/heap_4.o
 .text.prvInsertBlockIntoFreeList
                0x00009dfc       0xb0 ./freertos/heap_4.o
 .text.pxPortInitialiseStack
                0x00009eac       0x54 ./freertos/port.o
                0x00009eac                pxPortInitialiseStack
 .text.prvTaskExitError
                0x00009f00       0x1c ./freertos/port.o
 .text.xPortStartScheduler
                0x00009f1c       0x44 ./freertos/port.o
                0x00009f1c                xPortStartScheduler
 .text.vPortYield
                0x00009f60       0x20 ./freertos/port.o
                0x00009f60                vPortYield
 .text.vPortEnterCritical
                0x00009f80       0x24 ./freertos/port.o
                0x00009f80                vPortEnterCritical
 .text.vPortExitCritical
                0x00009fa4       0x30 ./freertos/port.o
                0x00009fa4                vPortExitCritical
 .text.SysTick_Handler
                0x00009fd4       0x34 ./freertos/port.o
                0x00009fd4                SysTick_Handler
 .text.vQueueAddToRegistry
                0x0000a008       0x50 ./freertos/queue.o
                0x0000a008                vQueueAddToRegistry
 .text.prvInitialiseNewTask
                0x0000a058      0x12c ./freertos/tasks.o
 .text.prvAddNewTaskToReadyList
                0x0000a184       0xd0 ./freertos/tasks.o
 .text.vTaskStartScheduler
                0x0000a254       0x7c ./freertos/tasks.o
                0x0000a254                vTaskStartScheduler
 .text.vTaskSuspendAll
                0x0000a2d0       0x18 ./freertos/tasks.o
                0x0000a2d0                vTaskSuspendAll
 .text.xTaskResumeAll
                0x0000a2e8      0x118 ./freertos/tasks.o
                0x0000a2e8                xTaskResumeAll
 .text.xTaskGetTickCount
                0x0000a400       0x1c ./freertos/tasks.o
                0x0000a400                xTaskGetTickCount
 .text.xTaskIncrementTick
                0x0000a41c      0x150 ./freertos/tasks.o
                0x0000a41c                xTaskIncrementTick
 .text.vTaskSwitchContext
                0x0000a56c       0xa4 ./freertos/tasks.o
                0x0000a56c                vTaskSwitchContext
 .text.vTaskPlaceOnEventList
                0x0000a610       0x40 ./freertos/tasks.o
                0x0000a610                vTaskPlaceOnEventList
 .text.vTaskPlaceOnUnorderedEventList
                0x0000a650       0x60 ./freertos/tasks.o
                0x0000a650                vTaskPlaceOnUnorderedEventList
 .text.vTaskPlaceOnEventListRestricted
                0x0000a6b0       0x50 ./freertos/tasks.o
                0x0000a6b0                vTaskPlaceOnEventListRestricted
 .text.xTaskRemoveFromEventList
                0x0000a700       0xbc ./freertos/tasks.o
                0x0000a700                xTaskRemoveFromEventList
 .text.xTaskRemoveFromUnorderedEventList
                0x0000a7bc       0xb4 ./freertos/tasks.o
                0x0000a7bc                xTaskRemoveFromUnorderedEventList
 .text.vTaskSetTimeOutState
                0x0000a870       0x34 ./freertos/tasks.o
                0x0000a870                vTaskSetTimeOutState
 .text.xTaskCheckForTimeOut
                0x0000a8a4       0xa0 ./freertos/tasks.o
                0x0000a8a4                xTaskCheckForTimeOut
 .text.vTaskMissedYield
                0x0000a944       0x14 ./freertos/tasks.o
                0x0000a944                vTaskMissedYield
 .text.prvIdleTask
                0x0000a958       0x20 ./freertos/tasks.o
 .text.prvInitialiseTaskLists
                0x0000a978       0x88 ./freertos/tasks.o
 .text.prvCheckTasksWaitingTermination
                0x0000aa00       0x78 ./freertos/tasks.o
 .text.prvResetNextTaskUnblockTime
                0x0000aa78       0x48 ./freertos/tasks.o
 .text.xTaskGetCurrentTaskHandle
                0x0000aac0       0x1c ./freertos/tasks.o
                0x0000aac0                xTaskGetCurrentTaskHandle
 .text.xTaskGetSchedulerState
                0x0000aadc       0x38 ./freertos/tasks.o
                0x0000aadc                xTaskGetSchedulerState
 .text.vTaskPriorityInherit
                0x0000ab14       0xbc ./freertos/tasks.o
                0x0000ab14                vTaskPriorityInherit
 .text.xTaskPriorityDisinherit
                0x0000abd0       0xbc ./freertos/tasks.o
                0x0000abd0                xTaskPriorityDisinherit
 .text.uxTaskResetEventItemValue
                0x0000ac8c       0x2c ./freertos/tasks.o
                0x0000ac8c                uxTaskResetEventItemValue
 .text.pvTaskIncrementMutexHeldCount
                0x0000acb8       0x24 ./freertos/tasks.o
                0x0000acb8                pvTaskIncrementMutexHeldCount
 .text.prvAddCurrentTaskToDelayedList
                0x0000acdc       0xa8 ./freertos/tasks.o
 .text.xTimerCreateTimerTask
                0x0000ad84       0x54 ./freertos/timers.o
                0x0000ad84                xTimerCreateTimerTask
 .text.xTimerGenericCommand
                0x0000add8       0x98 ./freertos/timers.o
                0x0000add8                xTimerGenericCommand
 .text.prvProcessExpiredTimer
                0x0000ae70       0x74 ./freertos/timers.o
 .text.prvProcessTimerOrBlockTask
                0x0000aee4       0x8c ./freertos/timers.o
 .text.prvGetNextExpireTime
                0x0000af70       0x40 ./freertos/timers.o
 .text.prvSampleTimeNow
                0x0000afb0       0x40 ./freertos/timers.o
 .text.prvInsertTimerInActiveList
                0x0000aff0       0x84 ./freertos/timers.o
 .text.prvProcessReceivedCommands
                0x0000b074      0x134 ./freertos/timers.o
 .text.prvSwitchTimerLists
                0x0000b1a8       0xb8 ./freertos/timers.o
 .text.prvCheckForValidListAndQueue
                0x0000b260       0x74 ./freertos/timers.o
 .text.xTimerPendFunctionCallFromISR
                0x0000b2d4       0x4c ./freertos/timers.o
                0x0000b2d4                xTimerPendFunctionCallFromISR
 .text.XCVR_Init
                0x0000b320      0x128 ./framework/XCVR/MKW41Z4/fsl_xcvr.o
                0x0000b320                XCVR_Init
 .text.XCVR_GetDefaultConfig
                0x0000b448      0x174 ./framework/XCVR/MKW41Z4/fsl_xcvr.o
                0x0000b448                XCVR_GetDefaultConfig
 .text.XCVR_Configure
                0x0000b5bc      0x98c ./framework/XCVR/MKW41Z4/fsl_xcvr.o
                0x0000b5bc                XCVR_Configure
 .text.XcvrPanic
                0x0000bf48       0x40 ./framework/XCVR/MKW41Z4/fsl_xcvr.o
                0x0000bf48                XcvrPanic
 .text.XCVR_SetXtalTrim
                0x0000bf88       0x64 ./framework/XCVR/MKW41Z4/fsl_xcvr.o
                0x0000bf88                XCVR_SetXtalTrim
 .text.XCVR_OverrideChannel
                0x0000bfec      0x140 ./framework/XCVR/MKW41Z4/fsl_xcvr.o
                0x0000bfec                XCVR_OverrideChannel
 .text.XCVR_ForceRxWu
                0x0000c12c       0x1c ./framework/XCVR/MKW41Z4/fsl_xcvr.o
                0x0000c12c                XCVR_ForceRxWu
 .text.XCVR_ForceRxWd
                0x0000c148       0x1c ./framework/XCVR/MKW41Z4/fsl_xcvr.o
                0x0000c148                XCVR_ForceRxWd
 .text.calc_dcoc_dac_step
                0x0000c164       0x88 ./framework/XCVR/MKW41Z4/fsl_xcvr_trim.o
                0x0000c164                calc_dcoc_dac_step
 .text.rx_dc_est_average
                0x0000c1ec      0x1a0 ./framework/XCVR/MKW41Z4/fsl_xcvr_trim.o
                0x0000c1ec                rx_dc_est_average
 .text.rx_bba_dcoc_dac_trim_DCest
                0x0000c38c      0x7bc ./framework/XCVR/MKW41Z4/fsl_xcvr_trim.o
                0x0000c38c                rx_bba_dcoc_dac_trim_DCest
 .text.DCOC_DAC_INIT_Cal
                0x0000cb48      0x5b0 ./framework/XCVR/MKW41Z4/fsl_xcvr_trim.o
                0x0000cb48                DCOC_DAC_INIT_Cal
 .text.read_first_ifr_word
                0x0000d0f8       0x20 ./framework/XCVR/MKW41Z4/ifr_radio.o
                0x0000d0f8                read_first_ifr_word
 .text.read_another_ifr_word
                0x0000d118       0x2c ./framework/XCVR/MKW41Z4/ifr_radio.o
                0x0000d118                read_another_ifr_word
 .text.read_resource_ifr
                0x0000d144       0xd4 ./framework/XCVR/MKW41Z4/ifr_radio.o
                0x0000d144                read_resource_ifr
 .text.handle_ifr
                0x0000d218      0x184 ./framework/XCVR/MKW41Z4/ifr_radio.o
                0x0000d218                handle_ifr
 .text.NVIC_EnableIRQ
                0x0000d39c       0x2c ./framework/TimersManager/Source/TMR_Adapter.o
 .text.NVIC_ClearPendingIRQ
                0x0000d3c8       0x30 ./framework/TimersManager/Source/TMR_Adapter.o
 .text.NVIC_SetPriority
                0x0000d3f8       0xdc ./framework/TimersManager/Source/TMR_Adapter.o
 .text.StackTimer_Init
                0x0000d4d4       0x98 ./framework/TimersManager/Source/TMR_Adapter.o
                0x0000d4d4                StackTimer_Init
 .text.StackTimer_Enable
                0x0000d56c       0x1c ./framework/TimersManager/Source/TMR_Adapter.o
                0x0000d56c                StackTimer_Enable
 .text.StackTimer_Disable
                0x0000d588       0x18 ./framework/TimersManager/Source/TMR_Adapter.o
                0x0000d588                StackTimer_Disable
 .text.StackTimer_GetCounterValue
                0x0000d5a0       0x14 ./framework/TimersManager/Source/TMR_Adapter.o
                0x0000d5a0                StackTimer_GetCounterValue
 .text.StackTimer_SetOffsetTicks
                0x0000d5b4       0x24 ./framework/TimersManager/Source/TMR_Adapter.o
                0x0000d5b4                StackTimer_SetOffsetTicks
 .text.StackTimer_ClearIntFlag
                0x0000d5d8       0x30 ./framework/TimersManager/Source/TMR_Adapter.o
                0x0000d5d8                StackTimer_ClearIntFlag
 .text.TMR_GetTimerStatus
                0x0000d608       0x28 ./framework/TimersManager/Source/TimersManager.o
 .text.TMR_SetTimerStatus
                0x0000d630       0x44 ./framework/TimersManager/Source/TimersManager.o
 .text.TMR_GetTimerType
                0x0000d674       0x28 ./framework/TimersManager/Source/TimersManager.o
 .text.TMR_SetTimerType
                0x0000d69c       0x44 ./framework/TimersManager/Source/TimersManager.o
 .text.TmrTicksFromMilliseconds
                0x0000d6e0       0x48 ./framework/TimersManager/Source/TimersManager.o
                0x0000d6e0                TmrTicksFromMilliseconds
 .text.TMR_Init
                0x0000d728       0x80 ./framework/TimersManager/Source/TimersManager.o
                0x0000d728                TMR_Init
 .text.TMR_NotifyClkChanged
                0x0000d7a8       0x44 ./framework/TimersManager/Source/TimersManager.o
                0x0000d7a8                TMR_NotifyClkChanged
 .text.TMR_AllocateTimer
                0x0000d7ec       0x50 ./framework/TimersManager/Source/TimersManager.o
                0x0000d7ec                TMR_AllocateTimer
 .text.StackTimer_ISR
                0x0000d83c       0x24 ./framework/TimersManager/Source/TimersManager.o
 .text.TMR_StartTimer
                0x0000d860       0xe8 ./framework/TimersManager/Source/TimersManager.o
                0x0000d860                TMR_StartTimer
 .text.TMR_StopTimer
                0x0000d948       0xe8 ./framework/TimersManager/Source/TimersManager.o
                0x0000d948                TMR_StopTimer
 .text.TMR_Task
                0x0000da30      0x4fc ./framework/TimersManager/Source/TimersManager.o
                0x0000da30                TMR_Task
 .text.TMR_EnableTimer
                0x0000df2c       0x84 ./framework/TimersManager/Source/TimersManager.o
                0x0000df2c                TMR_EnableTimer
 .text.NVIC_EnableIRQ
                0x0000dfb0       0x2c ./framework/SerialManager/Source/UART_Adapter/UART_Adapter.o
 .text.NVIC_SetPriority
                0x0000dfdc       0xdc ./framework/SerialManager/Source/UART_Adapter/UART_Adapter.o
 .text.LPUART_Initialize
                0x0000e0b8       0xe8 ./framework/SerialManager/Source/UART_Adapter/UART_Adapter.o
                0x0000e0b8                LPUART_Initialize
 .text.LPUART_SetBaudrate
                0x0000e1a0       0x44 ./framework/SerialManager/Source/UART_Adapter/UART_Adapter.o
                0x0000e1a0                LPUART_SetBaudrate
 .text.LPUART_SendData
                0x0000e1e4       0xc0 ./framework/SerialManager/Source/UART_Adapter/UART_Adapter.o
                0x0000e1e4                LPUART_SendData
 .text.LPUART_InstallRxCalback
                0x0000e2a4       0x44 ./framework/SerialManager/Source/UART_Adapter/UART_Adapter.o
                0x0000e2a4                LPUART_InstallRxCalback
 .text.LPUART_InstallTxCalback
                0x0000e2e8       0x44 ./framework/SerialManager/Source/UART_Adapter/UART_Adapter.o
                0x0000e2e8                LPUART_InstallTxCalback
 .text.LPUART_IsTxActive
                0x0000e32c       0x58 ./framework/SerialManager/Source/UART_Adapter/UART_Adapter.o
                0x0000e32c                LPUART_IsTxActive
 .text.LPUART_ISR
                0x0000e384      0x17c ./framework/SerialManager/Source/UART_Adapter/UART_Adapter.o
 .text.SerialManager_Init
                0x0000e500       0x80 ./framework/SerialManager/Source/SerialManager.o
                0x0000e500                SerialManager_Init
 .text.SerialManagerTask
                0x0000e580      0x1c4 ./framework/SerialManager/Source/SerialManager.o
                0x0000e580                SerialManagerTask
 .text.Serial_InitInterface
                0x0000e744      0x190 ./framework/SerialManager/Source/SerialManager.o
                0x0000e744                Serial_InitInterface
 .text.Serial_AsyncWrite
                0x0000e8d4      0x1bc ./framework/SerialManager/Source/SerialManager.o
                0x0000e8d4                Serial_AsyncWrite
 .text.Serial_SyncWrite
                0x0000ea90       0xdc ./framework/SerialManager/Source/SerialManager.o
                0x0000ea90                Serial_SyncWrite
 .text.Serial_Read
                0x0000eb6c      0x124 ./framework/SerialManager/Source/SerialManager.o
                0x0000eb6c                Serial_Read
 .text.Serial_RxBufferByteCount
                0x0000ec90      0x10c ./framework/SerialManager/Source/SerialManager.o
                0x0000ec90                Serial_RxBufferByteCount
 .text.Serial_SetRxCallBack
                0x0000ed9c       0x78 ./framework/SerialManager/Source/SerialManager.o
                0x0000ed9c                Serial_SetRxCallBack
 .text.Serial_SetBaudRate
                0x0000ee14       0x94 ./framework/SerialManager/Source/SerialManager.o
                0x0000ee14                Serial_SetBaudRate
 .text.Serial_WriteInternal
                0x0000eea8      0x12c ./framework/SerialManager/Source/SerialManager.o
 .text.SerialManager_RxNotify
                0x0000efd4       0xc8 ./framework/SerialManager/Source/SerialManager.o
                0x0000efd4                SerialManager_RxNotify
 .text.SerialManager_TxNotify
                0x0000f09c       0xf4 ./framework/SerialManager/Source/SerialManager.o
                0x0000f09c                SerialManager_TxNotify
 .text.Serial_TxQueueMaintenance
                0x0000f190      0x15c ./framework/SerialManager/Source/SerialManager.o
 .text.Serial_UartRxCb
                0x0000f2ec       0x5c ./framework/SerialManager/Source/SerialManager.o
 .text.SecLib_Init
                0x0000f348       0x3c ./framework/SecLib/SecLib.o
                0x0000f348                SecLib_Init
 .text.AES_128_CCM
                0x0000f384       0xec ./framework/SecLib/SecLib.o
                0x0000f384                AES_128_CCM
 .text.NVIC_EnableIRQ
                0x0000f470       0x2c ./framework/RNG/Source/RNG.o
 .text.RNG_Init
                0x0000f49c       0xe0 ./framework/RNG/Source/RNG.o
                0x0000f49c                RNG_Init
 .text.TRNG_ISR
                0x0000f57c       0x3c ./framework/RNG/Source/RNG.o
 .text.OSA_SemaphorePost
                0x0000f5b8       0x9c ./framework/OSAbstraction/Source/fsl_os_abstraction_free_rtos.o
                0x0000f5b8                OSA_SemaphorePost
 .text.OSA_EventCreate
                0x0000f654       0x70 ./framework/OSAbstraction/Source/fsl_os_abstraction_free_rtos.o
                0x0000f654                OSA_EventCreate
 .text.OSA_EventSet
                0x0000f6c4       0xa0 ./framework/OSAbstraction/Source/fsl_os_abstraction_free_rtos.o
                0x0000f6c4                OSA_EventSet
 .text.OSA_EventWait
                0x0000f764       0xa4 ./framework/OSAbstraction/Source/fsl_os_abstraction_free_rtos.o
                0x0000f764                OSA_EventWait
 .text.OSA_InterruptEnable
                0x0000f808       0x4c ./framework/OSAbstraction/Source/fsl_os_abstraction_free_rtos.o
                0x0000f808                OSA_InterruptEnable
 .text.OSA_InterruptDisable
                0x0000f854       0x4c ./framework/OSAbstraction/Source/fsl_os_abstraction_free_rtos.o
                0x0000f854                OSA_InterruptDisable
 .text.main     0x0000f8a0       0x24 ./framework/OSAbstraction/Source/fsl_os_abstraction_free_rtos.o
                0x0000f8a0                main
 .text.MEM_Init
                0x0000f8c4       0xc4 ./framework/MemManager/Source/MemManager.o
                0x0000f8c4                MEM_Init
 .text.MEM_BufferAllocWithId
                0x0000f988       0xb8 ./framework/MemManager/Source/MemManager.o
                0x0000f988                MEM_BufferAllocWithId
 .text.MEM_BufferFree
                0x0000fa40       0xb0 ./framework/MemManager/Source/MemManager.o
                0x0000fa40                MEM_BufferFree
 .text.LED_Init
                0x0000faf0       0x2c ./framework/LED/Source/LED.o
                0x0000faf0                LED_Init
 .text.LED_Operate
                0x0000fb1c       0x8c ./framework/LED/Source/LED.o
                0x0000fb1c                LED_Operate
 .text.LED_StartBlip
                0x0000fba8       0x64 ./framework/LED/Source/LED.o
                0x0000fba8                LED_StartBlip
 .text.LED_StopFlash
                0x0000fc0c       0x4c ./framework/LED/Source/LED.o
                0x0000fc0c                LED_StopFlash
 .text.LED_SetLed
                0x0000fc58       0xb8 ./framework/LED/Source/LED.o
                0x0000fc58                LED_SetLed
 .text.LED_StartFlashWithPeriod
                0x0000fd10       0x58 ./framework/LED/Source/LED.o
                0x0000fd10                LED_StartFlashWithPeriod
 .text.LED_StartSerialFlashWithPeriod
                0x0000fd68       0x74 ./framework/LED/Source/LED.o
                0x0000fd68                LED_StartSerialFlashWithPeriod
 .text.LED_StopSerialFlash
                0x0000fddc       0x44 ./framework/LED/Source/LED.o
                0x0000fddc                LED_StopSerialFlash
 .text.LED_DecrementBlip
                0x0000fe20       0x8c ./framework/LED/Source/LED.o
 .text.LED_FlashTimeout
                0x0000feac       0x74 ./framework/LED/Source/LED.o
 .text.KbGpioInit
                0x0000ff20       0x58 ./framework/Keyboard/Source/Keyboard.o
 .text.KBD_KeySwitchPortGet
                0x0000ff78       0x7c ./framework/Keyboard/Source/Keyboard.o
 .text.KBD_KeyCheck
                0x0000fff4       0xa0 ./framework/Keyboard/Source/Keyboard.o
 .text.KeyScan  0x00010094      0x154 ./framework/Keyboard/Source/Keyboard.o
 .text.Switch_CheckIRQ
                0x000101e8       0x50 ./framework/Keyboard/Source/Keyboard.o
 .text.KBD_Init
                0x00010238       0xdc ./framework/Keyboard/Source/Keyboard.o
                0x00010238                KBD_Init
 .text.Switch_Press_ISR
                0x00010314       0x70 ./framework/Keyboard/Source/Keyboard.o
                0x00010314                Switch_Press_ISR
 .text.NVIC_EnableIRQ
                0x00010384       0x2c ./framework/GPIO/GPIO_Adapter.o
 .text.NVIC_ClearPendingIRQ
                0x000103b0       0x30 ./framework/GPIO/GPIO_Adapter.o
 .text.NVIC_SetPriority
                0x000103e0       0xdc ./framework/GPIO/GPIO_Adapter.o
 .text.NVIC_GetPriority
                0x000104bc       0x7c ./framework/GPIO/GPIO_Adapter.o
 .text.PORT_SetPinConfig
                0x00010538       0x38 ./framework/GPIO/GPIO_Adapter.o
 .text.PORT_SetPinMux
                0x00010570       0x40 ./framework/GPIO/GPIO_Adapter.o
 .text.PORT_SetPinInterruptConfig
                0x000105b0       0x40 ./framework/GPIO/GPIO_Adapter.o
 .text.GpioSetPinMux
                0x000105f0       0x44 ./framework/GPIO/GPIO_Adapter.o
                0x000105f0                GpioSetPinMux
 .text.GpioClearPinIntFlag
                0x00010634       0x34 ./framework/GPIO/GPIO_Adapter.o
                0x00010634                GpioClearPinIntFlag
 .text.GpioIsPinIntPending
                0x00010668       0x38 ./framework/GPIO/GPIO_Adapter.o
                0x00010668                GpioIsPinIntPending
 .text.GpioSetPinOutput
                0x000106a0       0x34 ./framework/GPIO/GPIO_Adapter.o
                0x000106a0                GpioSetPinOutput
 .text.GpioClearPinOutput
                0x000106d4       0x34 ./framework/GPIO/GPIO_Adapter.o
                0x000106d4                GpioClearPinOutput
 .text.GpioTogglePinOutput
                0x00010708       0x34 ./framework/GPIO/GPIO_Adapter.o
                0x00010708                GpioTogglePinOutput
 .text.GpioReadPinInput
                0x0001073c       0x30 ./framework/GPIO/GPIO_Adapter.o
                0x0001073c                GpioReadPinInput
 .text.GpioInputPinInit
                0x0001076c      0x104 ./framework/GPIO/GPIO_Adapter.o
                0x0001076c                GpioInputPinInit
 .text.GpioOutputPinInit
                0x00010870      0x100 ./framework/GPIO/GPIO_Adapter.o
                0x00010870                GpioOutputPinInit
 .text.GpioInstallIsr
                0x00010970      0x2c4 ./framework/GPIO/GPIO_Adapter.o
                0x00010970                GpioInstallIsr
 .text.Gpio_CommonIsr
                0x00010c34       0xb0 ./framework/GPIO/GPIO_Adapter.o
 .text.Gpio_InstallPortISR
                0x00010ce4       0x60 ./framework/GPIO/GPIO_Adapter.o
 .text.NV_ComputeCrcOverHWParameters
                0x00010d44       0xd0 ./framework/Flash/Internal/Flash_Adapter.o
 .text.NV_ReadHWParameters
                0x00010e14       0x68 ./framework/Flash/Internal/Flash_Adapter.o
                0x00010e14                NV_ReadHWParameters
 .text.CLOCK_EnableClock
                0x00010e7c       0x34 ./framework/DCDC/Source/DCDC.o
 .text.ADC16_GetChannelConversionValue
                0x00010eb0       0x30 ./framework/DCDC/Source/DCDC.o
 .text.DCDC_MakeADCConversion
                0x00010ee0       0x44 ./framework/DCDC/Source/DCDC.o
 .text.DCDC_AdjustVbatDiv
                0x00010f24       0x68 ./framework/DCDC/Source/DCDC.o
 .text.DCDC_Get1P8VOutputTargetAndVBatInmV
                0x00010f8c       0xf4 ./framework/DCDC/Source/DCDC.o
 .text.DCDC_mVTo1P8OutputTargetBoost
                0x00011080      0x168 ./framework/DCDC/Source/DCDC.o
 .text.DCDC_mVTo1P8OutputTargetBuck
                0x000111e8       0xe4 ./framework/DCDC/Source/DCDC.o
 .text.DCDC_mVToMcuVOutputTargetBoost
                0x000112cc       0x8c ./framework/DCDC/Source/DCDC.o
                0x000112cc                DCDC_mVToMcuVOutputTargetBoost
 .text.DCDC_GetOutputTargetsBoost
                0x00011358       0xcc ./framework/DCDC/Source/DCDC.o
 .text.DCDC_GetOutputTargetsBuck
                0x00011424       0x88 ./framework/DCDC/Source/DCDC.o
 .text.DCDC_VBatMonitorBoost
                0x000114ac      0x1b8 ./framework/DCDC/Source/DCDC.o
 .text.DCDC_VBatMonitorBuck
                0x00011664      0x1bc ./framework/DCDC/Source/DCDC.o
 .text.DCDC_Init
                0x00011820      0x218 ./framework/DCDC/Source/DCDC.o
                0x00011820                DCDC_Init
 .text.CLOCK_EnableClock
                0x00011a38       0x34 ./drivers/fsl_adc16.o
 .text.ADC16_GetInstance
                0x00011a6c       0x48 ./drivers/fsl_adc16.o
 .text.ADC16_Init
                0x00011ab4      0x114 ./drivers/fsl_adc16.o
                0x00011ab4                ADC16_Init
 .text.ADC16_SetChannelConfig
                0x00011bc8       0x6c ./drivers/fsl_adc16.o
                0x00011bc8                ADC16_SetChannelConfig
 .text.ADC16_GetChannelStatusFlags
                0x00011c34       0x40 ./drivers/fsl_adc16.o
                0x00011c34                ADC16_GetChannelStatusFlags
 .text.CLOCK_SetEr32kClock
                0x00011c74       0x34 ./drivers/fsl_clock.o
 .text.CLOCK_GetMcgExtClkFreq
                0x00011ca8       0x70 ./drivers/fsl_clock.o
 .text.CLOCK_GetFllExtRefClkFreq
                0x00011d18       0xbc ./drivers/fsl_clock.o
 .text.CLOCK_GetInternalRefClkSelectFreq
                0x00011dd4       0x40 ./drivers/fsl_clock.o
 .text.CLOCK_GetFllRefClkFreq
                0x00011e14       0x2c ./drivers/fsl_clock.o
 .text.CLOCK_GetOscRangeFromFreq
                0x00011e40       0x4c ./drivers/fsl_clock.o
 .text.CLOCK_GetOsc0ErClkFreq
                0x00011e8c       0x28 ./drivers/fsl_clock.o
                0x00011e8c                CLOCK_GetOsc0ErClkFreq
 .text.CLOCK_SetSimConfig
                0x00011eb4       0x2c ./drivers/fsl_clock.o
                0x00011eb4                CLOCK_SetSimConfig
 .text.CLOCK_GetFllFreq
                0x00011ee0       0x78 ./drivers/fsl_clock.o
                0x00011ee0                CLOCK_GetFllFreq
 .text.CLOCK_GetInternalRefClkFreq
                0x00011f58       0x28 ./drivers/fsl_clock.o
                0x00011f58                CLOCK_GetInternalRefClkFreq
 .text.CLOCK_SetExternalRefClkConfig
                0x00011f80       0x80 ./drivers/fsl_clock.o
                0x00011f80                CLOCK_SetExternalRefClkConfig
 .text.CLOCK_SetInternalRefClkConfig
                0x00012000      0x124 ./drivers/fsl_clock.o
                0x00012000                CLOCK_SetInternalRefClkConfig
 .text.CLOCK_InitOsc0
                0x00012124       0x68 ./drivers/fsl_clock.o
                0x00012124                CLOCK_InitOsc0
 .text.CLOCK_SetFeeMode
                0x0001218c      0x138 ./drivers/fsl_clock.o
                0x0001218c                CLOCK_SetFeeMode
 .text.__assertion_failed
                0x000122c4       0x1c ./drivers/fsl_common.o
                0x000122c4                __assertion_failed
 .text.InstallIRQHandler
                0x000122e0       0x98 ./drivers/fsl_common.o
                0x000122e0                InstallIRQHandler
 .text.DSPI_CommonIRQHandler
                0x00012378       0x40 ./drivers/fsl_dspi.o
 .text.SPI0_DriverIRQHandler
                0x000123b8       0x34 ./drivers/fsl_dspi.o
                0x000123b8                SPI0_DriverIRQHandler
 .text.SPI1_DriverIRQHandler
                0x000123ec       0x34 ./drivers/fsl_dspi.o
                0x000123ec                SPI1_DriverIRQHandler
 .text.GPIO_PinInit
                0x00012420       0x64 ./drivers/fsl_gpio.o
                0x00012420                GPIO_PinInit
 .text.I2C_TransferCommonIRQHandler
                0x00012484       0x58 ./drivers/fsl_i2c.o
 .text.I2C0_DriverIRQHandler
                0x000124dc       0x20 ./drivers/fsl_i2c.o
                0x000124dc                I2C0_DriverIRQHandler
 .text.I2C1_DriverIRQHandler
                0x000124fc       0x20 ./drivers/fsl_i2c.o
                0x000124fc                I2C1_DriverIRQHandler
 .text.CLOCK_EnableClock
                0x0001251c       0x34 ./drivers/fsl_lpuart.o
 .text.LPUART_GetInstance
                0x00012550       0x48 ./drivers/fsl_lpuart.o
                0x00012550                LPUART_GetInstance
 .text.LPUART_Init
                0x00012598      0x284 ./drivers/fsl_lpuart.o
                0x00012598                LPUART_Init
 .text.LPUART_GetDefaultConfig
                0x0001281c       0x50 ./drivers/fsl_lpuart.o
                0x0001281c                LPUART_GetDefaultConfig
 .text.LPUART_SetBaudRate
                0x0001286c      0x188 ./drivers/fsl_lpuart.o
                0x0001286c                LPUART_SetBaudRate
 .text.LPUART_GetEnabledInterrupts
                0x000129f4       0x30 ./drivers/fsl_lpuart.o
                0x000129f4                LPUART_GetEnabledInterrupts
 .text.LPUART_ClearStatusFlags
                0x00012a24       0x88 ./drivers/fsl_lpuart.o
                0x00012a24                LPUART_ClearStatusFlags
 .text.LPUART0_DriverIRQHandler
                0x00012aac       0x24 ./drivers/fsl_lpuart.o
                0x00012aac                LPUART0_DriverIRQHandler
 .text.CLOCK_EnableClock
                0x00012ad0       0x34 ./drivers/fsl_ltc.o
 .text.ltc_clear_all
                0x00012b04       0x20 ./drivers/fsl_ltc.o
                0x00012b04                ltc_clear_all
 .text.ltc_symmetric_alg_state
                0x00012b24       0x74 ./drivers/fsl_ltc.o
 .text.LTC_Init
                0x00012b98       0x1c ./drivers/fsl_ltc.o
                0x00012b98                LTC_Init
 .text.ltc_aes_ccm_process_aad
                0x00012bb4      0x1b4 ./drivers/fsl_ltc.o
 .text.ltc_aes_ccm_process
                0x00012d68      0x160 ./drivers/fsl_ltc.o
 .text.CLOCK_EnableClock
                0x00012ec8       0x34 ./drivers/fsl_tpm.o
 .text.TPM_GetInstance
                0x00012efc       0x54 ./drivers/fsl_tpm.o
 .text.TPM_Init
                0x00012f50       0xec ./drivers/fsl_tpm.o
                0x00012f50                TPM_Init
 .text.TPM_SetupOutputCompare
                0x0001303c      0x130 ./drivers/fsl_tpm.o
                0x0001303c                TPM_SetupOutputCompare
 .text.CLOCK_EnableClock
                0x0001316c       0x34 ./drivers/fsl_trng.o
 .text.trng_GetInstance
                0x000131a0       0x48 ./drivers/fsl_trng.o
 .text.TRNG_GetDefaultConfig
                0x000131e8       0xe0 ./drivers/fsl_trng.o
                0x000131e8                TRNG_GetDefaultConfig
 .text.trng_SetRetryCount
                0x000132c8       0x50 ./drivers/fsl_trng.o
 .text.trng_SetStatisticalCheckLimit
                0x00013318      0x320 ./drivers/fsl_trng.o
 .text.trng_ApplyUserConfig
                0x00013638      0x1c4 ./drivers/fsl_trng.o
 .text.TRNG_Init
                0x000137fc       0xb8 ./drivers/fsl_trng.o
                0x000137fc                TRNG_Init
 .text.CLOCK_EnableClock
                0x000138b4       0x34 ./board/board.o
 .text.hardware_init
                0x000138e8      0x15c ./board/board.o
                0x000138e8                hardware_init
 .text.NMI_Handler
                0x00013a44       0x20 ./board/board.o
                0x00013a44                NMI_Handler
 .text.BOARD_DCDCInit
                0x00013a64       0x18 ./board/board.o
                0x00013a64                BOARD_DCDCInit
 .text.BOARD_GetLpuartClock
                0x00013a7c       0x68 ./board/board.o
                0x00013a7c                BOARD_GetLpuartClock
 .text.BOARD_GetTpmClock
                0x00013ae4       0x68 ./board/board.o
                0x00013ae4                BOARD_GetTpmClock
 .text.CLOCK_EnableClock
                0x00013b4c       0x34 ./board/clock_config.o
 .text.CLOCK_DisableClock
                0x00013b80       0x38 ./board/clock_config.o
 .text.CLOCK_SetLpuartClock
                0x00013bb8       0x38 ./board/clock_config.o
 .text.CLOCK_SetTpmClock
                0x00013bf0       0x38 ./board/clock_config.o
 .text.CLOCK_SetSimSafeDivs
                0x00013c28       0x1c ./board/clock_config.o
 .text.CLOCK_SetXtal0Freq
                0x00013c44       0x1c ./board/clock_config.o
 .text.CLOCK_SetXtal32Freq
                0x00013c60       0x1c ./board/clock_config.o
 .text.RTC_SetOscCapLoad
                0x00013c7c       0x34 ./board/clock_config.o
 .text.CLOCK_CONFIG_FllStableDelay
                0x00013cb0       0x28 ./board/clock_config.o
 .text.CLOCK_CONFIG_SetRtcClock
                0x00013cd8       0x4c ./board/clock_config.o
 .text.CLOCK_CONFIG_EnableRtcOsc
                0x00013d24       0x50 ./board/clock_config.o
 .text.BOARD_RfOscInit
                0x00013d74       0xc8 ./board/clock_config.o
                0x00013d74                BOARD_RfOscInit
 .text.BOARD_InitOsc0
                0x00013e3c       0x30 ./board/clock_config.o
                0x00013e3c                BOARD_InitOsc0
 .text.BOARD_BootClockRUN
                0x00013e6c       0x6c ./board/clock_config.o
                0x00013e6c                BOARD_BootClockRUN
 .text.CLOCK_EnableClock
                0x00013ed8       0x34 ./board/pin_mux.o
 .text.PORT_SetPinMux
                0x00013f0c       0x40 ./board/pin_mux.o
 .text.BOARD_InitButtons
                0x00013f4c       0x34 ./board/pin_mux.o
                0x00013f4c                BOARD_InitButtons
 .text.BOARD_InitLEDs
                0x00013f80       0x78 ./board/pin_mux.o
                0x00013f80                BOARD_InitLEDs
 .text.BOARD_InitLPUART
                0x00013ff8       0x4c ./board/pin_mux.o
                0x00013ff8                BOARD_InitLPUART
 .text.SystemInit
                0x00014044       0x18 ./CMSIS/system_MKW41Z4.o
                0x00014044                SystemInit
 .text.roundf   0x0001405c       0x48 C:/nxp/MCUXpressoIDE_25.6.136/ide/plugins/com.nxp.mcuxpresso.tools.win32_25.6.0.202501151204/tools/bin/../lib/gcc/arm-none-eabi/14.2.1/thumb/v6-m/nofp\libm.a(libm_a-sf_round.o)
                0x0001405c                roundf
 .text.exit     0x000140a4       0x20 C:/nxp/MCUXpressoIDE_25.6.136/ide/plugins/com.nxp.mcuxpresso.tools.win32_25.6.0.202501151204/tools/bin/../lib/gcc/arm-none-eabi/14.2.1/thumb/v6-m/nofp\libc.a(libc_a-exit.o)
                0x000140a4                exit
 .text.memset   0x000140c4       0x94 C:/nxp/MCUXpressoIDE_25.6.136/ide/plugins/com.nxp.mcuxpresso.tools.win32_25.6.0.202501151204/tools/bin/../lib/gcc/arm-none-eabi/14.2.1/thumb/v6-m/nofp\libc.a(libc_a-memset.o)
                0x000140c4                memset
 .text.__libc_init_array
                0x00014158       0x48 C:/nxp/MCUXpressoIDE_25.6.136/ide/plugins/com.nxp.mcuxpresso.tools.win32_25.6.0.202501151204/tools/bin/../lib/gcc/arm-none-eabi/14.2.1/thumb/v6-m/nofp\libc.a(libc_a-init.o)
                0x00014158                __libc_init_array
 .text.__retarget_lock_acquire_recursive
                0x000141a0        0x4 C:/nxp/MCUXpressoIDE_25.6.136/ide/plugins/com.nxp.mcuxpresso.tools.win32_25.6.0.202501151204/tools/bin/../lib/gcc/arm-none-eabi/14.2.1/thumb/v6-m/nofp\libc.a(libc_a-lock.o)
                0x000141a0                __retarget_lock_acquire_recursive
 .text.__retarget_lock_release_recursive
                0x000141a4        0x4 C:/nxp/MCUXpressoIDE_25.6.136/ide/plugins/com.nxp.mcuxpresso.tools.win32_25.6.0.202501151204/tools/bin/../lib/gcc/arm-none-eabi/14.2.1/thumb/v6-m/nofp\libc.a(libc_a-lock.o)
                0x000141a4                __retarget_lock_release_recursive
 .text.memcpy   0x000141a8       0xac C:/nxp/MCUXpressoIDE_25.6.136/ide/plugins/com.nxp.mcuxpresso.tools.win32_25.6.0.202501151204/tools/bin/../lib/gcc/arm-none-eabi/14.2.1/thumb/v6-m/nofp\libc.a(libc_a-memcpy-stub.o)
                0x000141a8                memcpy
 .text.strlen   0x00014254       0x5c C:/nxp/MCUXpressoIDE_25.6.136/ide/plugins/com.nxp.mcuxpresso.tools.win32_25.6.0.202501151204/tools/bin/../lib/gcc/arm-none-eabi/14.2.1/thumb/v6-m/nofp\libc.a(libc_a-strlen-stub.o)
                0x00014254                strlen
 .text.startup.register_fini
                0x000142b0       0x18 C:/nxp/MCUXpressoIDE_25.6.136/ide/plugins/com.nxp.mcuxpresso.tools.win32_25.6.0.202501151204/tools/bin/../lib/gcc/arm-none-eabi/14.2.1/thumb/v6-m/nofp\libc.a(libc_a-__call_atexit.o)
 .text.__call_exitprocs
                0x000142c8       0xfc C:/nxp/MCUXpressoIDE_25.6.136/ide/plugins/com.nxp.mcuxpresso.tools.win32_25.6.0.202501151204/tools/bin/../lib/gcc/arm-none-eabi/14.2.1/thumb/v6-m/nofp\libc.a(libc_a-__call_atexit.o)
                0x000142c8                __call_exitprocs
 .text.atexit   0x000143c4       0x10 C:/nxp/MCUXpressoIDE_25.6.136/ide/plugins/com.nxp.mcuxpresso.tools.win32_25.6.0.202501151204/tools/bin/../lib/gcc/arm-none-eabi/14.2.1/thumb/v6-m/nofp\libc.a(libc_a-atexit.o)
                0x000143c4                atexit
 .text.__libc_fini_array
                0x000143d4       0x28 C:/nxp/MCUXpressoIDE_25.6.136/ide/plugins/com.nxp.mcuxpresso.tools.win32_25.6.0.202501151204/tools/bin/../lib/gcc/arm-none-eabi/14.2.1/thumb/v6-m/nofp\libc.a(libc_a-fini.o)
                0x000143d4                __libc_fini_array
 .text.__register_exitproc
                0x000143fc       0xa8 C:/nxp/MCUXpressoIDE_25.6.136/ide/plugins/com.nxp.mcuxpresso.tools.win32_25.6.0.202501151204/tools/bin/../lib/gcc/arm-none-eabi/14.2.1/thumb/v6-m/nofp\libc.a(libc_a-__atexit.o)
                0x000143fc                __register_exitproc
 .text.__muldi3
                0x000144a4       0x5c C:/nxp/MCUXpressoIDE_25.6.136/ide/plugins/com.nxp.mcuxpresso.tools.win32_25.6.0.202501151204/tools/bin/../lib/gcc/arm-none-eabi/14.2.1/thumb/v6-m/nofp\libgcc.a(_muldi3.o)
                0x000144a4                __muldi3
                0x000144a4                __aeabi_lmul
 .text.__fixunssfsi
                0x00014500       0x30 C:/nxp/MCUXpressoIDE_25.6.136/ide/plugins/com.nxp.mcuxpresso.tools.win32_25.6.0.202501151204/tools/bin/../lib/gcc/arm-none-eabi/14.2.1/thumb/v6-m/nofp\libgcc.a(_fixunssfsi.o)
                0x00014500                __fixunssfsi
                0x00014500                __aeabi_f2uiz
 .text.__udivmoddi4
                0x00014530      0x198 C:/nxp/MCUXpressoIDE_25.6.136/ide/plugins/com.nxp.mcuxpresso.tools.win32_25.6.0.202501151204/tools/bin/../lib/gcc/arm-none-eabi/14.2.1/thumb/v6-m/nofp\libgcc.a(_udivmoddi4.o)
                0x00014530                __udivmoddi4
 .text.__aeabi_fadd
                0x000146c8      0x41c C:/nxp/MCUXpressoIDE_25.6.136/ide/plugins/com.nxp.mcuxpresso.tools.win32_25.6.0.202501151204/tools/bin/../lib/gcc/arm-none-eabi/14.2.1/thumb/v6-m/nofp\libgcc.a(addsf3.o)
                0x000146c8                __aeabi_fadd
 .text.__aeabi_fdiv
                0x00014ae4      0x22c C:/nxp/MCUXpressoIDE_25.6.136/ide/plugins/com.nxp.mcuxpresso.tools.win32_25.6.0.202501151204/tools/bin/../lib/gcc/arm-none-eabi/14.2.1/thumb/v6-m/nofp\libgcc.a(divsf3.o)
                0x00014ae4                __aeabi_fdiv
 .text.__eqsf2  0x00014d10       0x50 C:/nxp/MCUXpressoIDE_25.6.136/ide/plugins/com.nxp.mcuxpresso.tools.win32_25.6.0.202501151204/tools/bin/../lib/gcc/arm-none-eabi/14.2.1/thumb/v6-m/nofp\libgcc.a(eqsf2.o)
                0x00014d10                __eqsf2
                0x00014d10                __nesf2
 .text.__gesf2  0x00014d60       0x90 C:/nxp/MCUXpressoIDE_25.6.136/ide/plugins/com.nxp.mcuxpresso.tools.win32_25.6.0.202501151204/tools/bin/../lib/gcc/arm-none-eabi/14.2.1/thumb/v6-m/nofp\libgcc.a(gesf2.o)
                0x00014d60                __gesf2
                0x00014d60                __gtsf2
 .text.__lesf2  0x00014df0       0x90 C:/nxp/MCUXpressoIDE_25.6.136/ide/plugins/com.nxp.mcuxpresso.tools.win32_25.6.0.202501151204/tools/bin/../lib/gcc/arm-none-eabi/14.2.1/thumb/v6-m/nofp\libgcc.a(lesf2.o)
                0x00014df0                __ltsf2
                0x00014df0                __lesf2
 .text.__aeabi_fmul
                0x00014e80      0x2a4 C:/nxp/MCUXpressoIDE_25.6.136/ide/plugins/com.nxp.mcuxpresso.tools.win32_25.6.0.202501151204/tools/bin/../lib/gcc/arm-none-eabi/14.2.1/thumb/v6-m/nofp\libgcc.a(mulsf3.o)
                0x00014e80                __aeabi_fmul
 .text.__aeabi_fsub
                0x00015124      0x484 C:/nxp/MCUXpressoIDE_25.6.136/ide/plugins/com.nxp.mcuxpresso.tools.win32_25.6.0.202501151204/tools/bin/../lib/gcc/arm-none-eabi/14.2.1/thumb/v6-m/nofp\libgcc.a(subsf3.o)
                0x00015124                __aeabi_fsub
 .text.__aeabi_f2iz
                0x000155a8       0x40 C:/nxp/MCUXpressoIDE_25.6.136/ide/plugins/com.nxp.mcuxpresso.tools.win32_25.6.0.202501151204/tools/bin/../lib/gcc/arm-none-eabi/14.2.1/thumb/v6-m/nofp\libgcc.a(fixsfsi.o)
                0x000155a8                __aeabi_f2iz
 .text.__aeabi_i2f
                0x000155e8       0xa0 C:/nxp/MCUXpressoIDE_25.6.136/ide/plugins/com.nxp.mcuxpresso.tools.win32_25.6.0.202501151204/tools/bin/../lib/gcc/arm-none-eabi/14.2.1/thumb/v6-m/nofp\libgcc.a(floatsisf.o)
                0x000155e8                __aeabi_i2f
 .text.__aeabi_ui2f
                0x00015688       0x8c C:/nxp/MCUXpressoIDE_25.6.136/ide/plugins/com.nxp.mcuxpresso.tools.win32_25.6.0.202501151204/tools/bin/../lib/gcc/arm-none-eabi/14.2.1/thumb/v6-m/nofp\libgcc.a(floatunsisf.o)
                0x00015688                __aeabi_ui2f
 .text._exit    0x00015714        0x4 C:/nxp/MCUXpressoIDE_25.6.136/ide/plugins/com.nxp.mcuxpresso.tools.win32_25.6.0.202501151204/tools/bin/../lib/gcc/arm-none-eabi/14.2.1/thumb/v6-m/nofp\libnosys.a(_exit.o)
                0x00015714                _exit
 .text.__aeabi_uread4
                0x00015718       0x18 C:/nxp/MCUXpressoIDE_25.6.136/ide/plugins/com.nxp.mcuxpresso.tools.win32_25.6.0.202501151204/tools/bin/../lib/gcc/arm-none-eabi/14.2.1/thumb/v6-m/nofp\libgcc.a(unaligned-funcs.o)
                0x00015718                __aeabi_uread4
 .text.__aeabi_uwrite4
                0x00015730       0x14 C:/nxp/MCUXpressoIDE_25.6.136/ide/plugins/com.nxp.mcuxpresso.tools.win32_25.6.0.202501151204/tools/bin/../lib/gcc/arm-none-eabi/14.2.1/thumb/v6-m/nofp\libgcc.a(unaligned-funcs.o)
                0x00015730                __aeabi_uwrite4
 .text.__aeabi_uread8
                0x00015744       0x2c C:/nxp/MCUXpressoIDE_25.6.136/ide/plugins/com.nxp.mcuxpresso.tools.win32_25.6.0.202501151204/tools/bin/../lib/gcc/arm-none-eabi/14.2.1/thumb/v6-m/nofp\libgcc.a(unaligned-funcs.o)
                0x00015744                __aeabi_uread8
 .text.__aeabi_uwrite8
                0x00015770       0x20 C:/nxp/MCUXpressoIDE_25.6.136/ide/plugins/com.nxp.mcuxpresso.tools.win32_25.6.0.202501151204/tools/bin/../lib/gcc/arm-none-eabi/14.2.1/thumb/v6-m/nofp\libgcc.a(unaligned-funcs.o)
                0x00015770                __aeabi_uwrite8
 .text.DbgConsole_PrintfPaddingCharacter
                0x00015790       0x48 ./utilities/fsl_debug_console.o
 .text.DbgConsole_ConvertRadixNumToString
                0x000157d8      0x114 ./utilities/fsl_debug_console.o
 .text.DbgConsole_PrintfFormattedData
                0x000158ec      0x33a ./utilities/fsl_debug_console.o
 .text.App_WaitMsg
                0x00015c26       0x32 ./source/mwa_coordinator.o
 .text.MPM_AcquirePAN
                0x00015c58       0x12 ./ieee_802.15.4/phy/source/MKW41Z/MPM.o
                0x00015c58                MPM_AcquirePAN
 .text.MPM_ReleasePAN
                0x00015c6a       0x12 ./ieee_802.15.4/phy/source/MKW41Z/MPM.o
                0x00015c6a                MPM_ReleasePAN
 .text.PHY_ForceIrqPending
                0x00015c7c       0x10 ./ieee_802.15.4/phy/source/MKW41Z/PhyISR.o
                0x00015c7c                PHY_ForceIrqPending
 .text.Phy_LqiConvert
                0x00015c8c       0x46 ./ieee_802.15.4/phy/source/MKW41Z/PhyISR.o
 .text.BindToPHY
                0x00015cd2       0x12 ./ieee_802.15.4/phy/source/MKW41Z/PhyStateMachine.o
                0x00015cd2                BindToPHY
 .text.Phy_SetSequenceTiming
                0x00015ce4       0x9e ./ieee_802.15.4/phy/source/MKW41Z/PhyStateMachine.o
                0x00015ce4                Phy_SetSequenceTiming
 .text.Radio_Phy_TimeWaitTimeoutIndication
                0x00015d82       0x14 ./ieee_802.15.4/phy/source/MKW41Z/PhyStateMachine.o
                0x00015d82                Radio_Phy_TimeWaitTimeoutIndication
 .text.Radio_Phy_TimeStartEventIndication
                0x00015d96       0x10 ./ieee_802.15.4/phy/source/MKW41Z/PhyStateMachine.o
                0x00015d96                Radio_Phy_TimeStartEventIndication
 .text.Radio_Phy_PlmeSyncLossIndication
                0x00015da6       0x1c ./ieee_802.15.4/phy/source/MKW41Z/PhyStateMachine.o
                0x00015da6                Radio_Phy_PlmeSyncLossIndication
 .text.MAC_Monitor
                0x00015dc2       0x24 ./ieee_802.15.4/mac/source/App/FsciMacCommands.o
                0x00015dc2                MAC_Monitor
 .text.xEventGroupCreate
                0x00015de6       0x30 ./freertos/event_groups.o
                0x00015de6                xEventGroupCreate
 .text.xEventGroupWaitBits
                0x00015e16      0x152 ./freertos/event_groups.o
                0x00015e16                xEventGroupWaitBits
 .text.xEventGroupSetBits
                0x00015f68       0xf8 ./freertos/event_groups.o
                0x00015f68                xEventGroupSetBits
 .text.vEventGroupSetBitsCallback
                0x00016060       0x1e ./freertos/event_groups.o
                0x00016060                vEventGroupSetBitsCallback
 .text.prvTestWaitCondition
                0x0001607e       0x3e ./freertos/event_groups.o
 .text.vListInitialise
                0x000160bc       0x3c ./freertos/list.o
                0x000160bc                vListInitialise
 .text.vListInitialiseItem
                0x000160f8       0x16 ./freertos/list.o
                0x000160f8                vListInitialiseItem
 .text.vListInsertEnd
                0x0001610e       0x44 ./freertos/list.o
                0x0001610e                vListInsertEnd
 .text.vListInsert
                0x00016152       0x6c ./freertos/list.o
                0x00016152                vListInsert
 .text.uxListRemove
                0x000161be       0x50 ./freertos/list.o
                0x000161be                uxListRemove
 .text.SVC_Handler
                0x0001620e        0xa ./freertos/port.o
                0x0001620e                SVC_Handler
 .text.ulSetInterruptMaskFromISR
                0x00016218        0xc ./freertos/port.o
                0x00016218                ulSetInterruptMaskFromISR
 .text.vClearInterruptMaskFromISR
                0x00016224        0x8 ./freertos/port.o
                0x00016224                vClearInterruptMaskFromISR
 .text.xQueueGenericReset
                0x0001622c       0xaa ./freertos/queue.o
                0x0001622c                xQueueGenericReset
 .text.xQueueGenericCreate
                0x000162d6       0x66 ./freertos/queue.o
                0x000162d6                xQueueGenericCreate
 .text.prvInitialiseNewQueue
                0x0001633c       0x4e ./freertos/queue.o
 .text.prvInitialiseMutex
                0x0001638a       0x34 ./freertos/queue.o
 .text.xQueueCreateMutex
                0x000163be       0x38 ./freertos/queue.o
                0x000163be                xQueueCreateMutex
 .text.xQueueGetMutexHolder
                0x000163f6       0x2e ./freertos/queue.o
                0x000163f6                xQueueGetMutexHolder
 .text.xQueueCreateCountingSemaphore
                0x00016424       0x4a ./freertos/queue.o
                0x00016424                xQueueCreateCountingSemaphore
 .text.xQueueGenericSend
                0x0001646e      0x190 ./freertos/queue.o
                0x0001646e                xQueueGenericSend
 .text.xQueueGenericSendFromISR
                0x000165fe       0xe8 ./freertos/queue.o
                0x000165fe                xQueueGenericSendFromISR
 .text.xQueueGiveFromISR
                0x000166e6       0xd0 ./freertos/queue.o
                0x000166e6                xQueueGiveFromISR
 .text.xQueueGenericReceive
                0x000167b6      0x1ce ./freertos/queue.o
                0x000167b6                xQueueGenericReceive
 .text.prvCopyDataToQueue
                0x00016984       0xd6 ./freertos/queue.o
 .text.prvCopyDataFromQueue
                0x00016a5a       0x4c ./freertos/queue.o
 .text.prvUnlockQueue
                0x00016aa6       0xbc ./freertos/queue.o
 .text.prvIsQueueEmpty
                0x00016b62       0x2c ./freertos/queue.o
 .text.prvIsQueueFull
                0x00016b8e       0x30 ./freertos/queue.o
 .text.vQueueWaitForMessageRestricted
                0x00016bbe       0x66 ./freertos/queue.o
                0x00016bbe                vQueueWaitForMessageRestricted
 .text.xTaskCreate
                0x00016c24       0x90 ./freertos/tasks.o
                0x00016c24                xTaskCreate
 .text.prvDeleteTCB
                0x00016cb4       0x22 ./freertos/tasks.o
 .text.prvTimerTask
                0x00016cd6       0x2a ./freertos/timers.o
 .text.XcvrCalDelay
                0x00016d00       0x20 ./framework/XCVR/MKW41Z4/fsl_xcvr_trim.o
                0x00016d00                XcvrCalDelay
 .text.store_sw_trim
                0x00016d20       0x96 ./framework/XCVR/MKW41Z4/ifr_radio.o
                0x00016d20                store_sw_trim
 .text.TPM_GetStatusFlags