../source/mwa_end_device.c:197:6:main_task	16	static
../source/mwa_end_device.c:256:6:App_Idle_Task	32	static
../source/mwa_end_device.c:308:6:App_init	8	static
../source/mwa_end_device.c:371:6:AppThread	104	static
../source/mwa_end_device.c:667:13:UartRxCallBack	32	static
../source/mwa_end_device.c:703:16:App_StartScan	32	static
../source/mwa_end_device.c:766:16:App_HandleScanActiveConfirm	48	static
../source/mwa_end_device.c:832:16:App_SendAssociateRequest	24	static
../source/mwa_end_device.c:895:16:App_HandleAssociateConfirm	16	static
../source/mwa_end_device.c:931:16:App_HandleMlmeInput	16	static
../source/mwa_end_device.c:989:13:App_HandleMcpsInput	16	static
../source/mwa_end_device.c:1027:16:App_WaitMsg	16	static
../source/mwa_end_device.c:1057:13:App_TransmitUartData	24	static
../source/mwa_end_device.c:1139:16:AppPollWaitTimeout	32	static
../source/mwa_end_device.c:1218:13:App_HandleKeys	16	static
../source/mwa_end_device.c:1287:14:MLME_NWK_SapHandler	16	static
../source/mwa_end_device.c:1295:14:MCPS_NWK_SapHandler	16	static
../source/mwa_end_device.c:1307:6:App_TransmitCustomData	24	static
