../source/mwa_coordinator.c:177:6:main_task	16	static
../source/mwa_coordinator.c:216:6:App_init	8	static
../source/mwa_coordinator.c:258:6:AppThread	48	static
../source/mwa_coordinator.c:452:13:UartRxCallBack	32	static
../source/mwa_coordinator.c:487:16:App_StartScan	32	static
../source/mwa_coordinator.c:548:13:App_HandleScanEdConfirm	40	static
../source/mwa_coordinator.c:638:16:App_StartCoordinator	40	static
../source/mwa_coordinator.c:741:16:App_SendAssociateResponse	56	static
../source/mwa_coordinator.c:863:16:App_HandleMlmeInput	16	static
../source/mwa_coordinator.c:891:13:App_HandleMcpsInput	40	static
../source/mwa_coordinator.c:988:16:App_WaitMsg	16	static
../source/mwa_coordinator.c:1017:13:App_TransmitUartData	24	static
../source/mwa_coordinator.c:1099:13:App_HandleKeys	16	static
../source/mwa_coordinator.c:1131:14:MLME_NWK_SapHandler	16	static
../source/mwa_coordinator.c:1139:14:MCPS_NWK_SapHandler	16	static
../source/mwa_coordinator.c:1149:15:App_FindNode	24	static
../source/mwa_coordinator.c:1160:15:App_FindFreeSlot	16	static
../source/mwa_coordinator.c:1171:16:App_CountActive	16	static
../source/mwa_coordinator.c:1184:13:App_PrintNode	16	static
