../source/mwa_coordinator.c:147:6:main_task	16	static
../source/mwa_coordinator.c:186:6:App_init	8	static
../source/mwa_coordinator.c:224:6:AppThread	48	static
../source/mwa_coordinator.c:418:13:UartRxCallBack	32	static
../source/mwa_coordinator.c:453:16:App_StartScan	32	static
../source/mwa_coordinator.c:514:13:App_HandleScanEdConfirm	40	static
../source/mwa_coordinator.c:604:16:App_StartCoordinator	40	static
../source/mwa_coordinator.c:707:16:App_SendAssociateResponse	32	static
../source/mwa_coordinator.c:780:16:App_HandleMlmeInput	16	static
../source/mwa_coordinator.c:808:13:App_HandleMcpsInput	32	static
../source/mwa_coordinator.c:888:16:App_WaitMsg	16	static
../source/mwa_coordinator.c:917:13:App_TransmitUartData	24	static
../source/mwa_coordinator.c:999:13:App_HandleKeys	16	static
../source/mwa_coordinator.c:1031:14:MLME_NWK_SapHandler	16	static
../source/mwa_coordinator.c:1039:14:MCPS_NWK_SapHandler	16	static
