../source/mwa_coordinator.c:165:6:main_task	16	static
../source/mwa_coordinator.c:204:6:App_init	8	static
../source/mwa_coordinator.c:248:6:AppThread	48	static
../source/mwa_coordinator.c:442:13:UartRxCallBack	32	static
../source/mwa_coordinator.c:477:16:App_StartScan	32	static
../source/mwa_coordinator.c:538:13:App_HandleScanEdConfirm	40	static
../source/mwa_coordinator.c:628:16:App_StartCoordinator	40	static
../source/mwa_coordinator.c:731:16:App_SendAssociateResponse	56	static
../source/mwa_coordinator.c:853:16:App_HandleMlmeInput	16	static
../source/mwa_coordinator.c:881:13:App_HandleMcpsInput	40	static
../source/mwa_coordinator.c:978:16:App_WaitMsg	16	static
../source/mwa_coordinator.c:1007:13:App_TransmitUartData	24	static
../source/mwa_coordinator.c:1089:13:App_HandleKeys	16	static
../source/mwa_coordinator.c:1121:14:MLME_NWK_SapHandler	16	static
../source/mwa_coordinator.c:1129:14:MCPS_NWK_SapHandler	16	static
../source/mwa_coordinator.c:1139:15:App_FindNode	24	static
../source/mwa_coordinator.c:1150:15:App_FindFreeSlot	16	static
../source/mwa_coordinator.c:1161:16:App_CountActive	16	static
../source/mwa_coordinator.c:1174:13:App_PrintNode	16	static
