../source/mwa_coordinator.c:173:6:main_task	16	static
../source/mwa_coordinator.c:212:6:App_init	8	static
../source/mwa_coordinator.c:254:6:AppThread	48	static
../source/mwa_coordinator.c:448:13:UartRxCallBack	32	static
../source/mwa_coordinator.c:483:16:App_StartScan	32	static
../source/mwa_coordinator.c:544:13:App_HandleScanEdConfirm	40	static
../source/mwa_coordinator.c:634:16:App_StartCoordinator	40	static
../source/mwa_coordinator.c:737:16:App_SendAssociateResponse	56	static
../source/mwa_coordinator.c:845:16:App_HandleMlmeInput	16	static
../source/mwa_coordinator.c:873:13:App_HandleMcpsInput	32	static
../source/mwa_coordinator.c:953:16:App_WaitMsg	16	static
../source/mwa_coordinator.c:982:13:App_TransmitUartData	24	static
../source/mwa_coordinator.c:1064:13:App_HandleKeys	16	static
../source/mwa_coordinator.c:1096:14:MLME_NWK_SapHandler	16	static
../source/mwa_coordinator.c:1104:14:MCPS_NWK_SapHandler	16	static
../source/mwa_coordinator.c:1114:15:App_FindNode	24	static
../source/mwa_coordinator.c:1125:15:App_FindFreeSlot	16	static
../source/mwa_coordinator.c:1136:13:App_PrintNode	16	static
